Component: ARM Compiler 5.06 update 6 (build 750) Tool: armlink [4d35ed]

==============================================================================

Section Cross References

    main.o(.text) refers to _printf_percent.o(.ARM.Collect$$_printf_percent$$00000000) for _printf_percent
    main.o(.text) refers to _printf_d.o(.ARM.Collect$$_printf_percent$$00000009) for _printf_d
    main.o(.text) refers to _printf_dec.o(.text) for _printf_int_dec
    main.o(.text) refers to _printf_pad.o(.text) for _printf_pre_padding
    main.o(.text) refers to iwdg.o(.text) for iwdg_feed
    main.o(.text) refers to cpu_a.o(.text) for CPU_SR_Save
    main.o(.text) refers to gps.o(.text) for gps_from_message
    main.o(.text) refers to led.o(.text) for led_set_yellow
    main.o(.text) refers to usart1.o(.text) for usart1_printf
    main.o(.text) refers to rt_memcpy_w.o(.text) for __aeabi_memcpy4
    main.o(.text) refers to os_sem.o(.text) for OSSemPost
    main.o(.text) refers to os_core.o(.text) for OS_Sched0
    main.o(.text) refers to os_time.o(.text) for OSTimeDlyHMSM
    main.o(.text) refers to hmc5883.o(.text) for hmc5883_get_angle
    main.o(.text) refers to daddsub_clz.o(x$fpl$dsub) for __aeabi_dsub
    main.o(.text) refers to daddsub_clz.o(x$fpl$dadd) for __aeabi_dadd
    main.o(.text) refers to dmul.o(x$fpl$dmul) for __aeabi_dmul
    main.o(.text) refers to dfixu.o(x$fpl$dfixu) for __aeabi_d2uiz
    main.o(.text) refers to dflt_clz.o(x$fpl$dfltu) for __aeabi_ui2d
    main.o(.text) refers to scalbn.o(x$fpl$scalbn) for __ARM_scalbn
    main.o(.text) refers to ddiv.o(x$fpl$ddiv) for __aeabi_ddiv
    main.o(.text) refers to pwm2.o(.text) for pwm2_set_compare1
    main.o(.text) refers to oled.o(.text) for oled_clear
    main.o(.text) refers to drleqf.o(x$fpl$drleqf) for __aeabi_cdrcmple
    main.o(.text) refers to dfix.o(x$fpl$dfix) for __aeabi_d2iz
    main.o(.text) refers to dleqf.o(x$fpl$dleqf) for __aeabi_cdcmple
    main.o(.text) refers to __2sprintf.o(.text) for __2sprintf
    main.o(.text) refers to main.o(.data) for .data
    main.o(.text) refers to os_var.o(.data) for OSSchedLockNestingCtr
    main.o(.text) refers to main.o(.bss) for .bss
    main.o(.text) refers to usart1.o(.bss) for hc14_receive_message
    main.o(.text) refers to os_var.o(.data) for OSIntQNbrEntries
    main.o(.text) refers to utils.o(.text) for uct_to_beijing
    main.o(.text) refers to esp8266.o(.text) for esp8266_connect_mqtt
    main.o(.text) refers to cpu_core.o(.text) for CPU_Init
    main.o(.text) refers to os_stat.o(.text) for OSStatTaskCPUUsageInit
    main.o(.text) refers to os_task.o(.text) for OSTaskCreate
    main.o(.text) refers to usart3.o(.bss) for mqtt_receive_message
    main.o(.text) refers to misc.o(.text) for NVIC_PriorityGroupConfig
    main.o(.text) refers to system_stm32f10x.o(.text) for SystemInit
    main.o(.text) refers to delay.o(.text) for delay_init
    system_stm32f10x.o(.text) refers to system_stm32f10x.o(.data) for .data
    led.o(.text) refers to stm32f10x_rcc.o(.text) for RCC_APB2PeriphClockCmd
    led.o(.text) refers to stm32f10x_gpio.o(.text) for GPIO_Init
    oled.o(.text) refers to iic.o(.text) for iic_send_data
    oled.o(.text) refers to delay.o(.text) for delay_ms
    oled.o(.text) refers to oled.o(.constdata) for .constdata
    oled.o(.text) refers to oled.o(.data) for .data
    iic.o(.text) refers to stm32f10x_gpio.o(.text) for GPIO_ReadInputDataBit
    iic.o(.text) refers to delay.o(.text) for delay_us
    iic.o(.text) refers to stm32f10x_rcc.o(.text) for RCC_APB2PeriphClockCmd
    iic.o(.text) refers to os_core.o(.text) for OSIntEnter
    iic.o(.text) refers to __2printf.o(.text) for __2printf
    esp8266.o(.text) refers to _printf_percent.o(.ARM.Collect$$_printf_percent$$00000000) for _printf_percent
    esp8266.o(.text) refers to _printf_s.o(.ARM.Collect$$_printf_percent$$00000014) for _printf_s
    esp8266.o(.text) refers to _printf_str.o(.text) for _printf_str
    esp8266.o(.text) refers to _printf_d.o(.ARM.Collect$$_printf_percent$$00000009) for _printf_d
    esp8266.o(.text) refers to _printf_dec.o(.text) for _printf_int_dec
    esp8266.o(.text) refers to rt_memclr.o(.text) for __aeabi_memclr
    esp8266.o(.text) refers to usart3.o(.text) for usart3_send_string
    esp8266.o(.text) refers to strstr.o(.text) for strstr
    esp8266.o(.text) refers to delay.o(.text) for delay_us
    esp8266.o(.text) refers to strtok.o(.text) for strtok
    esp8266.o(.text) refers to strcpy.o(.text) for strcpy
    esp8266.o(.text) refers to strcat.o(.text) for strcat
    esp8266.o(.text) refers to __2sprintf.o(.text) for __2sprintf
    esp8266.o(.text) refers to __2printf.o(.text) for __2printf
    esp8266.o(.text) refers to rt_memclr_w.o(.text) for __aeabi_memclr4
    esp8266.o(.text) refers to os_time.o(.text) for OSTimeDlyHMSM
    esp8266.o(.text) refers to usart3.o(.bss) for esp8266_buf
    esp8266.o(.text) refers to usart3.o(.data) for esp8266_cnt
    esp8266.o(.text) refers to esp8266.o(.data) for .data
[...]
    OS_SemInit                               0x08007945   Thumb Code    14  os_sem.o(.text)
    OSStatReset                              0x08007965   Thumb Code   150  os_stat.o(.text)
    OSStatTaskCPUUsageInit                   0x080079fb   Thumb Code   126  os_stat.o(.text)
    OS_StatTask                              0x08007a79   Thumb Code   482  os_stat.o(.text)
    OS_StatTaskInit                          0x08007c5b   Thumb Code   120  os_stat.o(.text)
    OSTaskChangePrio                         0x08007d65   Thumb Code   240  os_task.o(.text)
    OS_TaskDbgListAdd                        0x08007e55   Thumb Code    30  os_task.o(.text)
    OS_TaskInitTCB                           0x08007e73   Thumb Code   180  os_task.o(.text)
    OSTaskCreate                             0x08007f27   Thumb Code   400  os_task.o(.text)
    OS_TaskDbgListRemove                     0x080080b7   Thumb Code    50  os_task.o(.text)
    OSTaskDel                                0x080080e9   Thumb Code   310  os_task.o(.text)
    OSTaskQFlush                             0x0800821f   Thumb Code   106  os_task.o(.text)
    OSTaskQPend                              0x08008289   Thumb Code   328  os_task.o(.text)
    OSTaskQPendAbort                         0x080083d1   Thumb Code   140  os_task.o(.text)
    OS_TaskQPost                             0x0800845d   Thumb Code   222  os_task.o(.text)
    OSTaskQPost                              0x0800853b   Thumb Code    96  os_task.o(.text)
    OSTaskRegGet                             0x0800859b   Thumb Code    66  os_task.o(.text)
    OSTaskRegGetID                           0x080085dd   Thumb Code    42  os_task.o(.text)
    OSTaskRegSet                             0x08008607   Thumb Code    40  os_task.o(.text)
    OS_TaskResume                            0x0800862f   Thumb Code   184  os_task.o(.text)
    OSTaskResume                             0x080086e7   Thumb Code    78  os_task.o(.text)
    OSTaskSemPend                            0x08008735   Thumb Code   300  os_task.o(.text)
    OSTaskSemPendAbort                       0x08008861   Thumb Code   148  os_task.o(.text)
    OS_TaskSemPost                           0x080088f5   Thumb Code   284  os_task.o(.text)
    OSTaskSemPost                            0x08008a11   Thumb Code    78  os_task.o(.text)
    OSTaskSemSet                             0x08008a5f   Thumb Code    52  os_task.o(.text)
    OSTaskStkChk                             0x08008a93   Thumb Code   136  os_task.o(.text)
    OS_TaskSuspend                           0x08008b1b   Thumb Code   158  os_task.o(.text)
    OSTaskSuspend                            0x08008bb9   Thumb Code    64  os_task.o(.text)
    OSTaskTimeQuantaSet                      0x08008bf9   Thumb Code    68  os_task.o(.text)
    OS_TaskInit                              0x08008c3d   Thumb Code    18  os_task.o(.text)
    OS_TaskReturn                            0x08008c4f   Thumb Code    20  os_task.o(.text)
    OS_TickListRemove                        0x08008c91   Thumb Code    54  os_tick.o(.text)
    OS_TickListUpdate                        0x08008cc7   Thumb Code   304  os_tick.o(.text)
    OS_TickTask                              0x08008df7   Thumb Code    36  os_tick.o(.text)
    OS_TickListInit                          0x08008e1b   Thumb Code    34  os_tick.o(.text)
    OS_TickTaskInit                          0x08008e3d   Thumb Code   114  os_tick.o(.text)
    OS_TickListInsert                        0x08008eaf   Thumb Code   202  os_tick.o(.text)
    OS_TickListResetPeak                     0x08008f79   Thumb Code    30  os_tick.o(.text)
    OSTimeDly                                0x08008fe1   Thumb Code   158  os_time.o(.text)
    OSTimeDlyHMSM                            0x0800907f   Thumb Code   308  os_time.o(.text)
    OSTimeDlyResume                          0x080091b3   Thumb Code   184  os_time.o(.text)
    OSTimeGet                                0x0800926b   Thumb Code    24  os_time.o(.text)
    OSTimeSet                                0x08009283   Thumb Code    24  os_time.o(.text)
    OSTimeTick                               0x0800929b   Thumb Code    52  os_time.o(.text)
    OS_TmrDbgListAdd                         0x080092f1   Thumb Code    22  os_tmr.o(.text)
    OSTmrCreate                              0x08009307   Thumb Code   168  os_tmr.o(.text)
    OS_TmrClr                                0x080093af   Thumb Code    34  os_tmr.o(.text)
    OS_TmrUnlink                             0x080093d1   Thumb Code    68  os_tmr.o(.text)
    OS_TmrDbgListRemove                      0x08009415   Thumb Code    36  os_tmr.o(.text)
    OSTmrDel                                 0x08009439   Thumb Code   134  os_tmr.o(.text)
    OSTmrRemainGet                           0x080094bf   Thumb Code   140  os_tmr.o(.text)
    OS_TmrLink                               0x0800954b   Thumb Code   140  os_tmr.o(.text)
    OSTmrStart                               0x080095d7   Thumb Code   122  os_tmr.o(.text)
    OSTmrStateGet                            0x08009651   Thumb Code    86  os_tmr.o(.text)
    OSTmrStop                                0x080096a7   Thumb Code   226  os_tmr.o(.text)
    OS_TmrTask                               0x08009789   Thumb Code   164  os_tmr.o(.text)
    OS_TmrInit                               0x0800982d   Thumb Code   174  os_tmr.o(.text)
    OS_TmrResetPeak                          0x080098db   Thumb Code    30  os_tmr.o(.text)
    OSIdleTaskHook                           0x0800994d   Thumb Code    12  os_cpu_c.o(.text)
    OSInitHook                               0x08009959   Thumb Code    22  os_cpu_c.o(.text)
    OSStatTaskHook                           0x0800996f   Thumb Code    12  os_cpu_c.o(.text)
    OSTaskCreateHook                         0x0800997b   Thumb Code    12  os_cpu_c.o(.text)
    OSTaskDelHook                            0x08009987   Thumb Code    12  os_cpu_c.o(.text)
    OSTaskReturnHook                         0x08009993   Thumb Code    12  os_cpu_c.o(.text)
    OSTaskStkInit                            0x0800999f   Thumb Code    96  os_cpu_c.o(.text)
    OSTaskSwHook                             0x080099ff   Thumb Code    72  os_cpu_c.o(.text)
    OSTimeTickHook                           0x08009a47   Thumb Code    12  os_cpu_c.o(.text)
    OS_CPU_SysTickHandler                    0x08009a53   Thumb Code    30  os_cpu_c.o(.text)
    OS_CPU_SysTickInit                       0x08009a71   Thumb Code    36  os_cpu_c.o(.text)
    __use_no_semihosting                     0x08009ad5   Thumb Code     2  use_no_semi_2.o(.text)
    __aeabi_uldivmod                         0x08009ad7   Thumb Code     0  lludivv7m.o(.text)
    _ll_udiv                                 0x08009ad7   Thumb Code   238  lludivv7m.o(.text)
    vsprintf                                 0x08009bc5   Thumb Code    32  vsprintf.o(.text)
    __2printf                                0x08009be9   Thumb Code    20  __2printf.o(.text)
    __2sprintf                               0x08009c01   Thumb Code    38  __2sprintf.o(.text)
    _printf_pre_padding                      0x08009c2d   Thumb Code    44  _printf_pad.o(.text)
    _printf_post_padding                     0x08009c59   Thumb Code    34  _printf_pad.o(.text)
    _printf_str                              0x08009c7b   Thumb Code    82  _printf_str.o(.text)
    _printf_int_dec                          0x08009ccd   Thumb Code   104  _printf_dec.o(.text)
    _printf_longlong_hex                     0x08009d45   Thumb Code    86  _printf_hex_int_ll_ptr.o(.text)
    _printf_int_hex                          0x08009d9b   Thumb Code    28  _printf_hex_int_ll_ptr.o(.text)
    _printf_ll_hex                           0x08009db7   Thumb Code    12  _printf_hex_int_ll_ptr.o(.text)
    _printf_hex_ptr                          0x08009dc3   Thumb Code    18  _printf_hex_int_ll_ptr.o(.text)
    __printf                                 0x08009dd9   Thumb Code   388  __printf_flags_ss_wp.o(.text)
    __0sscanf                                0x08009f61   Thumb Code    52  __0sscanf.o(.text)
    _scanf_int                               0x08009f9d   Thumb Code   332  _scanf_int.o(.text)
    strtok                                   0x0800a0e9   Thumb Code     6  strtok.o(.text)
    strstr                                   0x0800a0f5   Thumb Code    36  strstr.o(.text)
    strcpy                                   0x0800a119   Thumb Code    72  strcpy.o(.text)
    strcat                                   0x0800a161   Thumb Code    24  strcat.o(.text)
    __aeabi_memcpy                           0x0800a179   Thumb Code     0  rt_memcpy_v6.o(.text)
    __rt_memcpy                              0x0800a179   Thumb Code   138  rt_memcpy_v6.o(.text)
    _memcpy_lastbytes                        0x0800a1df   Thumb Code     0  rt_memcpy_v6.o(.text)
    __aeabi_memcpy4                          0x0800a203   Thumb Code     0  rt_memcpy_w.o(.text)
    __aeabi_memcpy8                          0x0800a203   Thumb Code     0  rt_memcpy_w.o(.text)
    __rt_memcpy_w                            0x0800a203   Thumb Code   100  rt_memcpy_w.o(.text)
    _memcpy_lastbytes_aligned                0x0800a24b   Thumb Code     0  rt_memcpy_w.o(.text)
    __aeabi_memclr                           0x0800a267   Thumb Code     0  rt_memclr.o(.text)
    __rt_memclr                              0x0800a267   Thumb Code    68  rt_memclr.o(.text)
    _memset                                  0x0800a26b   Thumb Code     0  rt_memclr.o(.text)
    __aeabi_memclr4                          0x0800a2ab   Thumb Code     0  rt_memclr_w.o(.text)
    __aeabi_memclr8                          0x0800a2ab   Thumb Code     0  rt_memclr_w.o(.text)
    __rt_memclr_w                            0x0800a2ab   Thumb Code    78  rt_memclr_w.o(.text)
    _memset_w                                0x0800a2af   Thumb Code     0  rt_memclr_w.o(.text)
    strcmp                                   0x0800a2f9   Thumb Code   128  strcmpv7m.o(.text)
    __use_two_region_memory                  0x0800a379   Thumb Code     2  heapauxi.o(.text)
    __rt_heap_escrow$2region                 0x0800a37b   Thumb Code     2  heapauxi.o(.text)
    __rt_heap_expand$2region                 0x0800a37d   Thumb Code     2  heapauxi.o(.text)
    __I$use$semihosting                      0x0800a37f   Thumb Code     0  use_no_semi.o(.text)
    __use_no_semihosting_swi                 0x0800a37f   Thumb Code     2  use_no_semi.o(.text)
    __read_errno                             0x0800a381   Thumb Code    10  _rserrno.o(.text)
    __set_errno                              0x0800a38b   Thumb Code    12  _rserrno.o(.text)
    _printf_truncate_signed                  0x0800a397   Thumb Code    18  _printf_truncate.o(.text)
    _printf_truncate_unsigned                0x0800a3a9   Thumb Code    18  _printf_truncate.o(.text)
    _printf_int_common                       0x0800a3bb   Thumb Code   178  _printf_intcommon.o(.text)
    _printf_charcount                        0x0800a46d   Thumb Code    40  _printf_charcount.o(.text)
    _printf_char_common                      0x0800a49f   Thumb Code    32  _printf_char_common.o(.text)
    _sputc                                   0x0800a4c5   Thumb Code    10  _sputc.o(.text)
    _printf_cs_common                        0x0800a4cf   Thumb Code    20  _printf_char.o(.text)
    _printf_char                             0x0800a4e3   Thumb Code    16  _printf_char.o(.text)
    _printf_string                           0x0800a4f3   Thumb Code     8  _printf_char.o(.text)
    _printf_char_file                        0x0800a4fd   Thumb Code    32  _printf_char_file.o(.text)
    _printf_wctomb                           0x0800a521   Thumb Code   182  _printf_wctomb.o(.text)
    _printf_longlong_dec                     0x0800a5dd   Thumb Code   108  _printf_longlong_dec.o(.text)
    _printf_longlong_oct                     0x0800a659   Thumb Code    66  _printf_oct_int_ll.o(.text)
    _printf_int_oct                          0x0800a69b   Thumb Code    24  _printf_oct_int_ll.o(.text)
    _printf_ll_oct                           0x0800a6b3   Thumb Code    12  _printf_oct_int_ll.o(.text)
    _chval                                   0x0800a6c9   Thumb Code    28  _chval.o(.text)
    __vfscanf_char                           0x0800a6f1   Thumb Code    24  scanf_char.o(.text)
    _sgetc                                   0x0800a711   Thumb Code    30  _sgetc.o(.text)
    _sbackspace                              0x0800a72f   Thumb Code    34  _sgetc.o(.text)
    __strtok_internal                        0x0800a751   Thumb Code    64  strtok_int.o(.text)
    __aeabi_errno_addr                       0x0800a795   Thumb Code     8  rt_errno_addr_intlibspace.o(.text)
    __errno$intlibspace                      0x0800a795   Thumb Code     0  rt_errno_addr_intlibspace.o(.text)
    __rt_errno_addr$intlibspace              0x0800a795   Thumb Code     0  rt_errno_addr_intlibspace.o(.text)
    _ll_udiv10                               0x0800a79d   Thumb Code   138  lludiv10.o(.text)
    isspace                                  0x0800a827   Thumb Code    18  isspace.o(.text)
    __lib_sel_fp_printf                      0x0800a839   Thumb Code     2  _printf_fp_dec.o(.text)
    _printf_fp_dec_real                      0x0800a9eb   Thumb Code   620  _printf_fp_dec.o(.text)
    _printf_fp_hex_real                      0x0800ac59   Thumb Code   756  _printf_fp_hex.o(.text)
    _printf_lcs_common                       0x0800af55   Thumb Code    20  _printf_wchar.o(.text)
    _printf_wchar                            0x0800af69   Thumb Code    16  _printf_wchar.o(.text)
    _printf_wstring                          0x0800af79   Thumb Code     8  _printf_wchar.o(.text)
    __vfscanf                                0x0800af81   Thumb Code   878  _scanf.o(.text)
    ferror                                   0x0800b2f5   Thumb Code     8  ferror.o(.text)
    _wcrtomb                                 0x0800b2fd   Thumb Code    64  _wcrtomb.o(.text)
    strcspn                                  0x0800b33d   Thumb Code    32  strcspn.o(.text)
    strspn                                   0x0800b35d   Thumb Code    28  strspn.o(.text)
    __user_libspace                          0x0800b379   Thumb Code     8  libspace.o(.text)
    __user_perproc_libspace                  0x0800b379   Thumb Code     0  libspace.o(.text)
    __user_perthread_libspace                0x0800b379   Thumb Code     0  libspace.o(.text)
    __user_setup_stackheap                   0x0800b381   Thumb Code    74  sys_stackheap_outer.o(.text)
    __rt_ctype_table                         0x0800b3cd   Thumb Code    16  rt_ctype_table.o(.text)
    __rt_locale                              0x0800b3dd   Thumb Code     8  rt_locale_intlibspace.o(.text)
    _printf_fp_infnan                        0x0800b3e5   Thumb Code   112  _printf_fp_infnan.o(.text)
    _btod_etento                             0x0800b465   Thumb Code   224  bigflt0.o(.text)
    exit                                     0x0800b549   Thumb Code    18  exit.o(.text)
    _btod_d2e                                0x0800b55b   Thumb Code    62  btod.o(CL$$btod_d2e)
    _d2e_denorm_low                          0x0800b599   Thumb Code    70  btod.o(CL$$btod_d2e_denorm_low)
    _d2e_norm_op1                            0x0800b5df   Thumb Code    96  btod.o(CL$$btod_d2e_norm_op1)
    __btod_div_common                        0x0800b63f   Thumb Code   696  btod.o(CL$$btod_div_common)
    _e2e                                     0x0800b977   Thumb Code   220  btod.o(CL$$btod_e2e)
    _btod_ediv                               0x0800ba53   Thumb Code    42  btod.o(CL$$btod_ediv)
    _btod_emul                               0x0800ba7d   Thumb Code    42  btod.o(CL$$btod_emul)
    __btod_mult_common                       0x0800baa7   Thumb Code   580  btod.o(CL$$btod_mult_common)
    OSStartHighRdy                           0x0800bced   Thumb Code     0  os_cpu_a.o(CODE)
    OSCtxSw                                  0x0800bd0f   Thumb Code     0  os_cpu_a.o(CODE)
    OSIntCtxSw                               0x0800bd19   Thumb Code     0  os_cpu_a.o(CODE)
    PendSV_Handler                           0x0800bd23   Thumb Code     0  os_cpu_a.o(CODE)
    __ARM_fpclassify                         0x0800bd85   Thumb Code    40  fpclassify.o(i.__ARM_fpclassify)
    __ieee754_rem_pio2                       0x0800bdad   Thumb Code   828  rred.o(i.__ieee754_rem_pio2)
    __kernel_cos                             0x0800c135   Thumb Code   230  cos_i.o(i.__kernel_cos)
    __kernel_poly                            0x0800c231   Thumb Code   170  poly.o(i.__kernel_poly)
    __kernel_sin                             0x0800c2dd   Thumb Code   224  sin_i.o(i.__kernel_sin)
    __mathlib_dbl_divzero                    0x0800c3c9   Thumb Code    12  dunder.o(i.__mathlib_dbl_divzero)
    __mathlib_dbl_infnan                     0x0800c3d9   Thumb Code     6  dunder.o(i.__mathlib_dbl_infnan)
    __mathlib_dbl_infnan2                    0x0800c3df   Thumb Code     4  dunder.o(i.__mathlib_dbl_infnan2)
    __mathlib_dbl_invalid                    0x0800c3e3   Thumb Code    12  dunder.o(i.__mathlib_dbl_invalid)
    __mathlib_dbl_overflow                   0x0800c3ef   Thumb Code    14  dunder.o(i.__mathlib_dbl_overflow)
    __mathlib_dbl_underflow                  0x0800c3fd   Thumb Code    10  dunder.o(i.__mathlib_dbl_underflow)
    _is_digit                                0x0800c40d   Thumb Code    14  __printf_wp.o(i._is_digit)
    asin                                     0x0800c41d   Thumb Code   572  asin.o(i.asin)
    atan                                     0x0800c68d   Thumb Code   474  atan.o(i.atan)
    atan2                                    0x0800c8ad   Thumb Code   346  atan2.o(i.atan2)
    cos                                      0x0800ca2d   Thumb Code   148  cos.o(i.cos)
    pow                                      0x0800cac9   Thumb Code  2512  pow.o(i.pow)
    sin                                      0x0800d4a1   Thumb Code   150  sin.o(i.sin)
    sqrt                                     0x0800d541   Thumb Code    76  sqrt.o(i.sqrt)
    _get_lc_numeric                          0x0800d58d   Thumb Code    44  lc_numeric_c.o(locale$$code)
    _get_lc_ctype                            0x0800d5b9   Thumb Code    44  lc_ctype_c.o(locale$$code)
    __aeabi_d2f                              0x0800d5e5   Thumb Code     0  d2f.o(x$fpl$d2f)
    _d2f                                     0x0800d5e5   Thumb Code    98  d2f.o(x$fpl$d2f)
    __aeabi_dadd                             0x0800d649   Thumb Code     0  daddsub_clz.o(x$fpl$dadd)
    _dadd                                    0x0800d649   Thumb Code   332  daddsub_clz.o(x$fpl$dadd)
    __fpl_dcheck_NaN1                        0x0800d799   Thumb Code    10  dcheck1.o(x$fpl$dcheck1)
    __fpl_dcmp_Inf                           0x0800d7a9   Thumb Code    24  dcmpi.o(x$fpl$dcmpinf)
    __aeabi_ddiv                             0x0800d7c1   Thumb Code     0  ddiv.o(x$fpl$ddiv)
    _ddiv                                    0x0800d7c1   Thumb Code   552  ddiv.o(x$fpl$ddiv)
    __aeabi_d2iz                             0x0800da71   Thumb Code     0  dfix.o(x$fpl$dfix)
    _dfix                                    0x0800da71   Thumb Code    94  dfix.o(x$fpl$dfix)
    __aeabi_d2uiz                            0x0800dad1   Thumb Code     0  dfixu.o(x$fpl$dfixu)
    _dfixu                                   0x0800dad1   Thumb Code    90  dfixu.o(x$fpl$dfixu)
    __aeabi_i2d                              0x0800db2b   Thumb Code     0  dflt_clz.o(x$fpl$dflt)
    _dflt                                    0x0800db2b   Thumb Code    46  dflt_clz.o(x$fpl$dflt)
    __aeabi_ui2d                             0x0800db59   Thumb Code     0  dflt_clz.o(x$fpl$dfltu)
    _dfltu                                   0x0800db59   Thumb Code    38  dflt_clz.o(x$fpl$dfltu)
    __aeabi_cdcmple                          0x0800db81   Thumb Code     0  dleqf.o(x$fpl$dleqf)
    _dcmple                                  0x0800db81   Thumb Code   120  dleqf.o(x$fpl$dleqf)
    __fpl_dcmple_InfNaN                      0x0800dbe3   Thumb Code     0  dleqf.o(x$fpl$dleqf)
    __aeabi_dmul                             0x0800dbf9   Thumb Code     0  dmul.o(x$fpl$dmul)
    _dmul                                    0x0800dbf9   Thumb Code   332  dmul.o(x$fpl$dmul)
    __fpl_dnaninf                            0x0800dd4d   Thumb Code   156  dnaninf.o(x$fpl$dnaninf)
    __fpl_dretinf                            0x0800dde9   Thumb Code    12  dretinf.o(x$fpl$dretinf)
    __aeabi_cdrcmple                         0x0800ddf5   Thumb Code     0  drleqf.o(x$fpl$drleqf)
    _drcmple                                 0x0800ddf5   Thumb Code   108  drleqf.o(x$fpl$drleqf)
    __aeabi_drsub                            0x0800de61   Thumb Code     0  daddsub_clz.o(x$fpl$drsb)
    _drsb                                    0x0800de61   Thumb Code    22  daddsub_clz.o(x$fpl$drsb)
    _dsqrt                                   0x0800de79   Thumb Code   456  dsqrt_noumaal.o(x$fpl$dsqrt)
    __aeabi_dsub                             0x0800e045   Thumb Code     0  daddsub_clz.o(x$fpl$dsub)
    _dsub                                    0x0800e045   Thumb Code   464  daddsub_clz.o(x$fpl$dsub)
    __aeabi_f2d                              0x0800e219   Thumb Code     0  f2d.o(x$fpl$f2d)
    _f2d                                     0x0800e219   Thumb Code    86  f2d.o(x$fpl$f2d)
    __fpl_fnaninf                            0x0800e26f   Thumb Code   140  fnaninf.o(x$fpl$fnaninf)
    __fpl_fretinf                            0x0800e2fb   Thumb Code    10  fretinf.o(x$fpl$fretinf)
    _printf_fp_dec                           0x0800e305   Thumb Code     4  printf1.o(x$fpl$printf1)
    _printf_fp_hex                           0x0800e309   Thumb Code     4  printf2.o(x$fpl$printf2)
    __fpl_return_NaN                         0x0800e30d   Thumb Code   100  retnan.o(x$fpl$retnan)
    __ARM_scalbn                             0x0800e371   Thumb Code    92  scalbn.o(x$fpl$scalbn)
    __fpl_cmpreturn                          0x0800e3cd   Thumb Code    48  trapv.o(x$fpl$trapveneer)
    F6x8                                     0x0800e3fc   Data         552  oled.o(.constdata)
    __I$use$fp                               0x0800e3fc   Number         0  usenofp.o(x$fpl$usenofp)
    F8X16                                    0x0800e624   Data        1520  oled.o(.constdata)
    OSCfg_StatTaskPrio                       0x0800eda8   Data           1  os_cfg_app.o(.constdata)
    OSCfg_TickTaskPrio                       0x0800eda9   Data           1  os_cfg_app.o(.constdata)
    OSCfg_TmrTaskPrio                        0x0800edaa   Data           1  os_cfg_app.o(.constdata)
    OSCfg_IntQSize                           0x0800edac   Data           2  os_cfg_app.o(.constdata)
    OSCfg_MsgPoolSize                        0x0800edae   Data           2  os_cfg_app.o(.constdata)
    OSCfg_TickWheelSize                      0x0800edb0   Data           2  os_cfg_app.o(.constdata)
    OSCfg_TmrWheelSize                       0x0800edb2   Data           2  os_cfg_app.o(.constdata)
    OSCfg_IdleTaskStkBasePtr                 0x0800edb4   Data           4  os_cfg_app.o(.constdata)
    OSCfg_IdleTaskStkLimit                   0x0800edb8   Data           4  os_cfg_app.o(.constdata)
    OSCfg_IdleTaskStkSize                    0x0800edbc   Data           4  os_cfg_app.o(.constdata)
    OSCfg_IdleTaskStkSizeRAM                 0x0800edc0   Data           4  os_cfg_app.o(.constdata)
    OSCfg_IntQBasePtr                        0x0800edc4   Data           4  os_cfg_app.o(.constdata)
    OSCfg_IntQSizeRAM                        0x0800edc8   Data           4  os_cfg_app.o(.constdata)
    OSCfg_IntQTaskStkBasePtr                 0x0800edcc   Data           4  os_cfg_app.o(.constdata)
    OSCfg_IntQTaskStkLimit                   0x0800edd0   Data           4  os_cfg_app.o(.constdata)
    OSCfg_IntQTaskStkSize                    0x0800edd4   Data           4  os_cfg_app.o(.constdata)
    OSCfg_IntQTaskStkSizeRAM                 0x0800edd8   Data           4  os_cfg_app.o(.constdata)
    OSCfg_ISRStkBasePtr                      0x0800eddc   Data           4  os_cfg_app.o(.constdata)
    OSCfg_ISRStkSize                         0x0800ede0   Data           4  os_cfg_app.o(.constdata)
    OSCfg_ISRStkSizeRAM                      0x0800ede4   Data           4  os_cfg_app.o(.constdata)
    OSCfg_MsgPoolSizeRAM                     0x0800ede8   Data           4  os_cfg_app.o(.constdata)
    OSCfg_MsgPoolBasePtr                     0x0800edec   Data           4  os_cfg_app.o(.constdata)
    OSCfg_StatTaskRate_Hz                    0x0800edf0   Data           4  os_cfg_app.o(.constdata)
    OSCfg_StatTaskStkBasePtr                 0x0800edf4   Data           4  os_cfg_app.o(.constdata)
    OSCfg_StatTaskStkLimit                   0x0800edf8   Data           4  os_cfg_app.o(.constdata)
    OSCfg_StatTaskStkSize                    0x0800edfc   Data           4  os_cfg_app.o(.constdata)
    OSCfg_StatTaskStkSizeRAM                 0x0800ee00   Data           4  os_cfg_app.o(.constdata)
    OSCfg_StkSizeMin                         0x0800ee04   Data           4  os_cfg_app.o(.constdata)
    OSCfg_TickRate_Hz                        0x0800ee08   Data           4  os_cfg_app.o(.constdata)
    OSCfg_TickTaskStkBasePtr                 0x0800ee0c   Data           4  os_cfg_app.o(.constdata)
    OSCfg_TickTaskStkLimit                   0x0800ee10   Data           4  os_cfg_app.o(.constdata)
    OSCfg_TickTaskStkSize                    0x0800ee14   Data           4  os_cfg_app.o(.constdata)
    OSCfg_TickTaskStkSizeRAM                 0x0800ee18   Data           4  os_cfg_app.o(.constdata)
    OSCfg_TickWheelSizeRAM                   0x0800ee1c   Data           4  os_cfg_app.o(.constdata)
    OSCfg_TmrTaskRate_Hz                     0x0800ee20   Data           4  os_cfg_app.o(.constdata)
    OSCfg_TmrTaskStkBasePtr                  0x0800ee24   Data           4  os_cfg_app.o(.constdata)
    OSCfg_TmrTaskStkLimit                    0x0800ee28   Data           4  os_cfg_app.o(.constdata)
    OSCfg_TmrTaskStkSize                     0x0800ee2c   Data           4  os_cfg_app.o(.constdata)
    OSCfg_TmrTaskStkSizeRAM                  0x0800ee30   Data           4  os_cfg_app.o(.constdata)
    OSCfg_TmrWheelSizeRAM                    0x0800ee34   Data           4  os_cfg_app.o(.constdata)
    OSCfg_DataSizeRAM                        0x0800ee38   Data           4  os_cfg_app.o(.constdata)
    __mathlib_zero                           0x0800f020   Data           8  qnan.o(.constdata)
    Region$$Table$$Base                      0x0800f1d4   Number         0  anon$$obj.o(Region$$Table)
    Region$$Table$$Limit                     0x0800f1f4   Number         0  anon$$obj.o(Region$$Table)
    __ctype                                  0x0800f21d   Data           0  lc_ctype_c.o(locale$$data)
    hc14_connect_state                       0x20000000   Data           1  main.o(.data)
    distance                                 0x20000008   Data           8  main.o(.data)
    angle                                    0x20000010   Data           8  main.o(.data)
    SystemCoreClock                          0x20000018   Data           4  system_stm32f10x.o(.data)
    AHBPrescTable                            0x2000001c   Data          16  system_stm32f10x.o(.data)
    Hzk                                      0x2000002c   Data         576  oled.o(.data)
    esp8266_cntPre                           0x2000026c   Data           1  esp8266.o(.data)
    usart1_rx_count                          0x20000272   Data           1  usart1.o(.data)
    __stdout                                 0x20000274   Data           4  usart1.o(.data)
    usart2_rx_count                          0x20000278   Data           1  usart2.o(.data)
    mqtt_even_state                          0x20000279   Data           1  usart3.o(.data)
    usart3_rx_count                          0x2000027a   Data           1  usart3.o(.data)
    mqtt_connect_state                       0x2000027b   Data           1  usart3.o(.data)
    esp8266_cnt                              0x2000027c   Data           1  usart3.o(.data)
    CPU_TS_TmrFreq_Hz                        0x20000294   Data           4  cpu_core.o(.data)
    Mem_PoolTbl                              0x20000298   Data           4  lib_mem.o(.data)
    OSPrioTbl                                0x2000029c   Data           8  os_prio.o(.data)
    OS_AppTaskCreateHookPtr                  0x200002a4   Data           4  os_var.o(.data)
    OS_AppTaskDelHookPtr                     0x200002a8   Data           4  os_var.o(.data)
    OS_AppTaskReturnHookPtr                  0x200002ac   Data           4  os_var.o(.data)
    OS_AppIdleTaskHookPtr                    0x200002b0   Data           4  os_var.o(.data)
    OS_AppStatTaskHookPtr                    0x200002b4   Data           4  os_var.o(.data)
    OS_AppTaskSwHookPtr                      0x200002b8   Data           4  os_var.o(.data)
    OS_AppTimeTickHookPtr                    0x200002bc   Data           4  os_var.o(.data)
    OSIdleTaskCtr                            0x200002c0   Data           4  os_var.o(.data)
    OSIntNestingCtr                          0x200002c4   Data           1  os_var.o(.data)
    OSRunning                                0x200002c5   Data           1  os_var.o(.data)
    OSIntQInPtr                              0x200002c8   Data           4  os_var.o(.data)
    OSIntQOutPtr                             0x200002cc   Data           4  os_var.o(.data)
    OSIntQNbrEntries                         0x200002d0   Data           2  os_var.o(.data)
    OSIntQNbrEntriesMax                      0x200002d2   Data           2  os_var.o(.data)
    OSIntQOvfCtr                             0x200002d4   Data           2  os_var.o(.data)
    OSIntQTaskTimeMax                        0x200002d8   Data           4  os_var.o(.data)
    OSFlagDbgListPtr                         0x200002dc   Data           4  os_var.o(.data)
    OSFlagQty                                0x200002e0   Data           2  os_var.o(.data)
    OSMemDbgListPtr                          0x200002e4   Data           4  os_var.o(.data)
    OSMemQty                                 0x200002e8   Data           2  os_var.o(.data)
    OSMutexDbgListPtr                        0x200002ec   Data           4  os_var.o(.data)
    OSMutexQty                               0x200002f0   Data           2  os_var.o(.data)
    OSPrioCur                                0x200002f2   Data           1  os_var.o(.data)
    OSPrioHighRdy                            0x200002f3   Data           1  os_var.o(.data)
    OSPrioSaved                              0x200002f4   Data           1  os_var.o(.data)
    OSQDbgListPtr                            0x200002f8   Data           4  os_var.o(.data)
    OSQQty                                   0x200002fc   Data           2  os_var.o(.data)
    OSSchedLockTimeBegin                     0x20000300   Data           4  os_var.o(.data)
    OSSchedLockTimeMax                       0x20000304   Data           4  os_var.o(.data)
    OSSchedLockTimeMaxCur                    0x20000308   Data           4  os_var.o(.data)
    OSSchedLockNestingCtr                    0x2000030c   Data           1  os_var.o(.data)
    OSSchedRoundRobinDfltTimeQuanta          0x20000310   Data           4  os_var.o(.data)
    OSSchedRoundRobinEn                      0x20000314   Data           1  os_var.o(.data)
    OSSemDbgListPtr                          0x20000318   Data           4  os_var.o(.data)
    OSSemQty                                 0x2000031c   Data           2  os_var.o(.data)
    OSStatResetFlag                          0x2000031e   Data           1  os_var.o(.data)
    OSStatTaskCPUUsage                       0x20000320   Data           2  os_var.o(.data)
    OSStatTaskCPUUsageMax                    0x20000322   Data           2  os_var.o(.data)
    OSStatTaskCtr                            0x20000324   Data           4  os_var.o(.data)
    OSStatTaskCtrMax                         0x20000328   Data           4  os_var.o(.data)
    OSStatTaskCtrRun                         0x2000032c   Data           4  os_var.o(.data)
    OSStatTaskRdy                            0x20000330   Data           1  os_var.o(.data)
    OSStatTaskTimeMax                        0x20000334   Data           4  os_var.o(.data)
    OSTaskCtxSwCtr                           0x20000338   Data           4  os_var.o(.data)
    OSTaskDbgListPtr                         0x2000033c   Data           4  os_var.o(.data)
    OSTaskQty                                0x20000340   Data           2  os_var.o(.data)
    OSTaskRegNextAvailID                     0x20000342   Data           1  os_var.o(.data)
    OSTickCtr                                0x20000344   Data           4  os_var.o(.data)
    OSTickTaskTimeMax                        0x20000348   Data           4  os_var.o(.data)
    OSTmrDbgListPtr                          0x2000034c   Data           4  os_var.o(.data)
    OSTmrQty                                 0x20000350   Data           2  os_var.o(.data)
    OSTmrTaskTimeMax                         0x20000354   Data           4  os_var.o(.data)
    OSTmrTickCtr                             0x20000358   Data           4  os_var.o(.data)
    OSTmrUpdateCnt                           0x2000035c   Data           4  os_var.o(.data)
    OSTmrUpdateCtr                           0x20000360   Data           4  os_var.o(.data)
    OSTCBCurPtr                              0x20000364   Data           4  os_var.o(.data)
    OSTCBHighRdyPtr                          0x20000368   Data           4  os_var.o(.data)
    OS_CPU_ExceptStkBase                     0x2000036c   Data           4  os_cpu_c.o(.data)
    StartTaskTCB                             0x20000374   Data         196  main.o(.bss)
    START_TASK_STK                           0x20000438   Data         512  main.o(.bss)
    mqtt_task_tcb                            0x20000638   Data         196  main.o(.bss)
    MQTT_TASK_STK                            0x200006fc   Data        1024  main.o(.bss)
    oled_task_tcb                            0x20000afc   Data         196  main.o(.bss)
    OLED_TASK_STK                            0x20000bc0   Data         512  main.o(.bss)
    pwm_task_tcb                             0x20000dc0   Data         196  main.o(.bss)
    PWM_TASK_STK                             0x20000e84   Data        1024  main.o(.bss)
    gps_task_tcb                             0x20001284   Data         196  main.o(.bss)
    GPS_TASK_STK                             0x20001348   Data        1024  main.o(.bss)
    hc14_task_tcb                            0x20001748   Data         196  main.o(.bss)
    HC14_TASK_STK                            0x2000180c   Data        1024  main.o(.bss)
    gps_info                                 0x20001c0c   Data          28  main.o(.bss)
    gps_info_ta                              0x20001c28   Data          28  main.o(.bss)
    oled_sem                                 0x20001c44   Data          40  main.o(.bss)
    hc14_receive_message                     0x20001c6c   Data         200  usart1.o(.bss)
    usart1_buf                               0x20001d34   Data         200  usart1.o(.bss)
    gps_buffer                               0x20001dfc   Data         200  usart2.o(.bss)
    usart2_buf                               0x20001ec4   Data         200  usart2.o(.bss)
    usart3_buf                               0x20001f8c   Data         200  usart3.o(.bss)
    mqtt_receive_message                     0x20002054   Data         200  usart3.o(.bss)
    esp8266_buf                              0x2000211c   Data         200  usart3.o(.bss)
    CPU_Name                                 0x200021e4   Data          16  cpu_core.o(.bss)
    Mem_PoolHeap                             0x200021f4   Data          72  lib_mem.o(.bss)
    Mem_Heap                                 0x2000223c   Data        1024  lib_mem.o(.bss)
    OSCfg_IdleTaskStk                        0x2000263c   Data         512  os_cfg_app.o(.bss)
    OSCfg_IntQ                               0x2000283c   Data         320  os_cfg_app.o(.bss)
    OSCfg_IntQTaskStk                        0x2000297c   Data         512  os_cfg_app.o(.bss)
    OSCfg_ISRStk                             0x20002b7c   Data         512  os_cfg_app.o(.bss)
    OSCfg_MsgPool                            0x20002d7c   Data        1600  os_cfg_app.o(.bss)
    OSCfg_StatTaskStk                        0x200033bc   Data         512  os_cfg_app.o(.bss)
    OSCfg_TickTaskStk                        0x200035bc   Data         512  os_cfg_app.o(.bss)
    OSCfg_TickWheel                          0x200037bc   Data         136  os_cfg_app.o(.bss)
    OSCfg_TmrTaskStk                         0x20003844   Data         512  os_cfg_app.o(.bss)
    OSCfg_TmrWheel                           0x20003a44   Data         136  os_cfg_app.o(.bss)
    OSIdleTaskTCB                            0x20003acc   Data         196  os_var.o(.bss)
    OSIntQTaskTCB                            0x20003b90   Data         196  os_var.o(.bss)
    OSMsgPool                                0x20003c54   Data          12  os_var.o(.bss)
    OSRdyList                                0x20003c60   Data         768  os_var.o(.bss)
    OSStatTaskTCB                            0x20003f60   Data         196  os_var.o(.bss)
    OSTickTaskTCB                            0x20004024   Data         196  os_var.o(.bss)
    OSTmrTaskTCB                             0x200040e8   Data         196  os_var.o(.bss)
    __libspace_start                         0x200041ac   Data          96  libspace.o(.bss)
    __temporary_stack_top$libspace           0x2000420c   Data           0  libspace.o(.bss)



==============================================================================

Memory Map of the image

  Image Entry point : 0x080000ed

  Load Region LR_IROM1 (Base: 0x08000000, Size: 0x0000f694, Max: 0x00010000, ABSOLUTE, COMPRESSED[0x0000f444])

    Execution Region ER_IROM1 (Exec base: 0x08000000, Load base: 0x08000000, Size: 0x0000f320, Max: 0x00010000, ABSOLUTE)

    Exec Addr    Load Addr    Size         Type   Attr      Idx    E Section Name        Object

    0x08000000   0x08000000   0x000000ec   Data   RO          481    RESET               startup_stm32f10x_md.o
    0x080000ec   0x080000ec   0x00000008   Code   RO         1152  * !!!main             c_w.l(__main.o)
    0x080000f4   0x080000f4   0x00000034   Code   RO         1604    !!!scatter          c_w.l(__scatter.o)
    0x08000128   0x08000128   0x0000005a   Code   RO         1602    !!dczerorl2         c_w.l(__dczerorl2.o)
    0x08000182   0x08000182   0x00000002   PAD
    0x08000184   0x08000184   0x0000001c   Code   RO         1606    !!handler_zi        c_w.l(__scatter_zi.o)
    0x080001a0   0x080001a0   0x00000000   Code   RO         1126    .ARM.Collect$$_printf_percent$$00000000  c_w.l(_printf_percent.o)
    0x080001a0   0x080001a0   0x00000006   Code   RO         1277    .ARM.Collect$$_printf_percent$$00000001  c_w.l(_printf_n.o)
    0x080001a6   0x080001a6   0x00000006   Code   RO         1278    .ARM.Collect$$_printf_percent$$00000002  c_w.l(_printf_p.o)
    0x080001ac   0x080001ac   0x00000006   Code   RO         1282    .ARM.Collect$$_printf_percent$$00000003  c_w.l(_printf_f.o)
    0x080001b2   0x080001b2   0x00000006   Code   RO         1283    .ARM.Collect$$_printf_percent$$00000004  c_w.l(_printf_e.o)
    0x080001b8   0x080001b8   0x00000006   Code   RO         1284    .ARM.Collect$$_printf_percent$$00000005  c_w.l(_printf_g.o)
    0x080001be   0x080001be   0x00000006   Code   RO         1285    .ARM.Collect$$_printf_percent$$00000006  c_w.l(_printf_a.o)
    0x080001c4   0x080001c4   0x0000000a   Code   RO         1290    .ARM.Collect$$_printf_percent$$00000007  c_w.l(_printf_ll.o)
    0x080001ce   0x080001ce   0x00000006   Code   RO         1280    .ARM.Collect$$_printf_percent$$00000008  c_w.l(_printf_i.o)
    0x080001d4   0x080001d4   0x00000006   Code   RO         1125    .ARM.Collect$$_printf_percent$$00000009  c_w.l(_printf_d.o)
    0x080001da   0x080001da   0x00000006   Code   RO         1281    .ARM.Collect$$_printf_percent$$0000000A  c_w.l(_printf_u.o)
    0x080001e0   0x080001e0   0x00000006   Code   RO         1279    .ARM.Collect$$_printf_percent$$0000000B  c_w.l(_printf_o.o)
    0x080001e6   0x080001e6   0x00000006   Code   RO         1124    .ARM.Collect$$_printf_percent$$0000000C  c_w.l(_printf_x.o)
    0x080001ec   0x080001ec   0x00000006   Code   RO         1287    .ARM.Collect$$_printf_percent$$0000000D  c_w.l(_printf_lli.o)
    0x080001f2   0x080001f2   0x00000006   Code   RO         1288    .ARM.Collect$$_printf_percent$$0000000E  c_w.l(_printf_lld.o)
    0x080001f8   0x080001f8   0x00000006   Code   RO         1289    .ARM.Collect$$_printf_percent$$0000000F  c_w.l(_printf_llu.o)
    0x080001fe   0x080001fe   0x00000006   Code   RO         1294    .ARM.Collect$$_printf_percent$$00000010  c_w.l(_printf_llo.o)
    0x08000204   0x08000204   0x00000006   Code   RO         1295    .ARM.Collect$$_printf_percent$$00000011  c_w.l(_printf_llx.o)
    0x0800020a   0x0800020a   0x0000000a   Code   RO         1291    .ARM.Collect$$_printf_percent$$00000012  c_w.l(_printf_l.o)
    0x08000214   0x08000214   0x00000006   Code   RO         1276    .ARM.Collect$$_printf_percent$$00000013  c_w.l(_printf_c.o)
    0x0800021a   0x0800021a   0x00000006   Code   RO         1123    .ARM.Collect$$_printf_percent$$00000014  c_w.l(_printf_s.o)
    0x08000220   0x08000220   0x00000006   Code   RO         1292    .ARM.Collect$$_printf_percent$$00000015  c_w.l(_printf_lc.o)
    0x08000226   0x08000226   0x00000006   Code   RO         1293    .ARM.Collect$$_printf_percent$$00000016  c_w.l(_printf_ls.o)
    0x0800022c   0x0800022c   0x00000004   Code   RO         1286    .ARM.Collect$$_printf_percent$$00000017  c_w.l(_printf_percent_end.o)
    0x08000230   0x08000230   0x00000002   Code   RO         1472    .ARM.Collect$$libinit$$00000000  c_w.l(libinit.o)
    0x08000232   0x08000232   0x00000000   Code   RO         1489    .ARM.Collect$$libinit$$00000002  c_w.l(libinit2.o)
    0x08000232   0x08000232   0x00000000   Code   RO         1491    .ARM.Collect$$libinit$$00000004  c_w.l(libinit2.o)
    0x08000232   0x08000232   0x00000000   Code   RO         1494    .ARM.Collect$$libinit$$0000000A  c_w.l(libinit2.o)
    0x08000232   0x08000232   0x00000000   Code   RO         1496    .ARM.Collect$$libinit$$0000000C  c_w.l(libinit2.o)
    0x08000232   0x08000232   0x00000000   Code   RO         1498    .ARM.Collect$$libinit$$0000000E  c_w.l(libinit2.o)
    0x08000232   0x08000232   0x00000006   Code   RO         1499    .ARM.Collect$$libinit$$0000000F  c_w.l(libinit2.o)
    0x08000238   0x08000238   0x00000000   Code   RO         1501    .ARM.Collect$$libinit$$00000011  c_w.l(libinit2.o)
    0x08000238   0x08000238   0x0000000c   Code   RO         1502    .ARM.Collect$$libinit$$00000012  c_w.l(libinit2.o)
    0x08000244   0x08000244   0x00000000   Code   RO         1503    .ARM.Collect$$libinit$$00000013  c_w.l(libinit2.o)
    0x08000244   0x08000244   0x00000000   Code   RO         1505    .ARM.Collect$$libinit$$00000015  c_w.l(libinit2.o)
    0x08000244   0x08000244   0x0000000a   Code   RO         1506    .ARM.Collect$$libinit$$00000016  c_w.l(libinit2.o)
    0x0800024e   0x0800024e   0x00000000   Code   RO         1507    .ARM.Collect$$libinit$$00000017  c_w.l(libinit2.o)
    0x0800024e   0x0800024e   0x00000000   Code   RO         1509    .ARM.Collect$$libinit$$00000019  c_w.l(libinit2.o)
    0x0800024e   0x0800024e   0x00000000   Code   RO         1511    .ARM.Collect$$libinit$$0000001B  c_w.l(libinit2.o)
    0x0800024e   0x0800024e   0x00000000   Code   RO         1513    .ARM.Collect$$libinit$$0000001D  c_w.l(libinit2.o)
    0x0800024e   0x0800024e   0x00000000   Code   RO         1515    .ARM.Collect$$libinit$$0000001F  c_w.l(libinit2.o)
    0x0800024e   0x0800024e   0x00000000   Code   RO         1517    .ARM.Collect$$libinit$$00000021  c_w.l(libinit2.o)
    0x0800024e   0x0800024e   0x00000000   Code   RO         1519    .ARM.Collect$$libinit$$00000023  c_w.l(libinit2.o)
    0x0800024e   0x0800024e   0x00000000   Code   RO         1521    .ARM.Collect$$libinit$$00000025  c_w.l(libinit2.o)
    0x0800024e   0x0800024e   0x00000000   Code   RO         1525    .ARM.Collect$$libinit$$0000002C  c_w.l(libinit2.o)
    0x0800024e   0x0800024e   0x00000000   Code   RO         1527    .ARM.Collect$$libinit$$0000002E  c_w.l(libinit2.o)
    0x0800024e   0x0800024e   0x00000000   Code   RO         1529    .ARM.Collect$$libinit$$00000030  c_w.l(libinit2.o)
    0x0800024e   0x0800024e   0x00000000   Code   RO         1531    .ARM.Collect$$libinit$$00000032  c_w.l(libinit2.o)
    0x0800024e   0x0800024e   0x00000002   Code   RO         1532    .ARM.Collect$$libinit$$00000033  c_w.l(libinit2.o)
    0x08000250   0x08000250   0x00000002   Code   RO         1558    .ARM.Collect$$libshutdown$$00000000  c_w.l(libshutdown.o)
    0x08000252   0x08000252   0x00000000   Code   RO         1585    .ARM.Collect$$libshutdown$$00000002  c_w.l(libshutdown2.o)
    0x08000252   0x08000252   0x00000000   Code   RO         1587    .ARM.Collect$$libshutdown$$00000004  c_w.l(libshutdown2.o)
    0x08000252   0x08000252   0x00000000   Code   RO         1590    .ARM.Collect$$libshutdown$$00000007  c_w.l(libshutdown2.o)
    0x08000252   0x08000252   0x00000000   Code   RO         1593    .ARM.Collect$$libshutdown$$0000000A  c_w.l(libshutdown2.o)
    0x08000252   0x08000252   0x00000000   Code   RO         1595    .ARM.Collect$$libshutdown$$0000000C  c_w.l(libshutdown2.o)
    0x08000252   0x08000252   0x00000000   Code   RO         1598    .ARM.Collect$$libshutdown$$0000000F  c_w.l(libshutdown2.o)
    0x08000252   0x08000252   0x00000002   Code   RO         1599    .ARM.Collect$$libshutdown$$00000010  c_w.l(libshutdown2.o)
    0x08000254   0x08000254   0x00000000   Code   RO         1244    .ARM.Collect$$rtentry$$00000000  c_w.l(__rtentry.o)
    0x08000254   0x08000254   0x00000000   Code   RO         1371    .ARM.Collect$$rtentry$$00000002  c_w.l(__rtentry2.o)
    0x08000254   0x08000254   0x00000006   Code   RO         1383    .ARM.Collect$$rtentry$$00000004  c_w.l(__rtentry4.o)
    0x0800025a   0x0800025a   0x00000000   Code   RO         1373    .ARM.Collect$$rtentry$$00000009  c_w.l(__rtentry2.o)
    0x0800025a   0x0800025a   0x00000004   Code   RO         1374    .ARM.Collect$$rtentry$$0000000A  c_w.l(__rtentry2.o)
    0x0800025e   0x0800025e   0x00000000   Code   RO         1376    .ARM.Collect$$rtentry$$0000000C  c_w.l(__rtentry2.o)
    0x0800025e   0x0800025e   0x00000008   Code   RO         1377    .ARM.Collect$$rtentry$$0000000D  c_w.l(__rtentry2.o)
    0x08000266   0x08000266   0x00000002   Code   RO         1477    .ARM.Collect$$rtexit$$00000000  c_w.l(rtexit.o)
    0x08000268   0x08000268   0x00000000   Code   RO         1534    .ARM.Collect$$rtexit$$00000002  c_w.l(rtexit2.o)
    0x08000268   0x08000268   0x00000004   Code   RO         1535    .ARM.Collect$$rtexit$$00000003  c_w.l(rtexit2.o)
    0x0800026c   0x0800026c   0x00000006   Code   RO         1536    .ARM.Collect$$rtexit$$00000004  c_w.l(rtexit2.o)
    0x08000272   0x08000272   0x00000002   PAD
    0x08000274   0x08000274   0x000009f0   Code   RO            1    .text               main.o
    0x08000c64   0x08000c64   0x0000000e   Code   RO          171    .text               stm32f10x_it.o
    0x08000c72   0x08000c72   0x00000002   PAD
    0x08000c74   0x08000c74   0x00000158   Code   RO          203    .text               system_stm32f10x.o
    0x08000dcc   0x08000dcc   0x00000064   Code   RO          221    .text               led.o
    0x08000e30   0x08000e30   0x0000033c   Code   RO          233    .text               oled.o
    0x0800116c   0x0800116c   0x000003ac   Code   RO          259    .text               iic.o
    0x08001518   0x08001518   0x000003d8   Code   RO          282    .text               esp8266.o
    0x080018f0   0x080018f0   0x00000098   Code   RO          298    .text               pwm2.o
    0x08001988   0x08001988   0x000000cc   Code   RO          310    .text               hmc5883.o
    0x08001a54   0x08001a54   0x000003dc   Code   RO          323    .text               gps.o
    0x08001e30   0x08001e30   0x00000118   Code   RO          340    .text               delay.o
    0x08001f48   0x08001f48   0x0000021c   Code   RO          372    .text               usart1.o
    0x08002164   0x08002164   0x00000138   Code   RO          397    .text               usart2.o
    0x0800229c   0x0800229c   0x00000288   Code   RO          413    .text               usart3.o
    0x08002524   0x08002524   0x00000290   Code   RO          434    .text               utils.o
    0x080027b4   0x080027b4   0x00000040   Code   RO          454    .text               iwdg.o
    0x080027f4   0x080027f4   0x00000040   Code   RO          482    .text               startup_stm32f10x_md.o
    0x08002834   0x08002834   0x000000b0   Code   RO          486    .text               misc.o
    0x080028e4   0x080028e4   0x00000264   Code   RO          498    .text               stm32f10x_gpio.o
    0x08002b48   0x08002b48   0x00000328   Code   RO          510    .text               stm32f10x_usart.o
    0x08002e70   0x08002e70   0x000002b8   Code   RO          522    .text               stm32f10x_rcc.o
    0x08003128   0x08003128   0x00000af0   Code   RO          552    .text               stm32f10x_tim.o
    0x08003c18   0x08003c18   0x0000003c   Code   RO          565    .text               stm32f10x_iwdg.o
    0x08003c54   0x08003c54   0x00000068   Code   RO          577    .text               bsp.o
    0x08003cbc   0x08003cbc   0x000001bc   Code   RO          593    .text               cpu_core.o
    0x08003e78   0x08003e78   0x00000034   Code   RO          633    .text               cpu_a.o
    0x08003eac   0x08003eac   0x0000015a   Code   RO          636    .text               lib_ascii.o
    0x08004006   0x08004006   0x00000002   PAD
    0x08004008   0x08004008   0x00000668   Code   RO          671    .text               lib_mem.o
    0x08004670   0x08004670   0x000005a8   Code   RO          690    .text               lib_str.o
    0x08004c18   0x08004c18   0x00000220   Code   RO          708    .text               lib_mem_a.o
    0x08004e38   0x08004e38   0x00000002   Code   RO          711    .text               os_cfg_app.o
    0x08004e3a   0x08004e3a   0x00000002   PAD
    0x08004e3c   0x08004e3c   0x00000adc   Code   RO          743    .text               os_core.o
    0x08005918   0x08005918   0x00000002   Code   RO          756    .text               os_dbg.o
    0x0800591a   0x0800591a   0x00000002   PAD
    0x0800591c   0x0800591c   0x00000768   Code   RO          772    .text               os_flag.o
    0x08006084   0x08006084   0x00000328   Code   RO          785    .text               os_int.o
    0x080063ac   0x080063ac   0x00000174   Code   RO          797    .text               os_mem.o
    0x08006520   0x08006520   0x00000188   Code   RO          809    .text               os_msg.o
    0x080066a8   0x080066a8   0x000006e8   Code   RO          821    .text               os_mutex.o
    0x08006d90   0x08006d90   0x00000070   Code   RO          840    .text               os_prio.o
    0x08006e00   0x08006e00   0x00000610   Code   RO          859    .text               os_q.o
    0x08007410   0x08007410   0x00000554   Code   RO          872    .text               os_sem.o
    0x08007964   0x08007964   0x00000400   Code   RO          885    .text               os_stat.o
    0x08007d64   0x08007d64   0x00000f2c   Code   RO          897    .text               os_task.o
    0x08008c90   0x08008c90   0x00000350   Code   RO          909    .text               os_tick.o
    0x08008fe0   0x08008fe0   0x00000310   Code   RO          922    .text               os_time.o
    0x080092f0   0x080092f0   0x0000065c   Code   RO          934    .text               os_tmr.o
    0x0800994c   0x0800994c   0x00000188   Code   RO         1025    .text               os_cpu_c.o
    0x08009ad4   0x08009ad4   0x00000002   Code   RO         1060    .text               c_w.l(use_no_semi_2.o)
    0x08009ad6   0x08009ad6   0x000000ee   Code   RO         1062    .text               c_w.l(lludivv7m.o)
    0x08009bc4   0x08009bc4   0x00000024   Code   RO         1064    .text               c_w.l(vsprintf.o)
    0x08009be8   0x08009be8   0x00000018   Code   RO         1066    .text               c_w.l(__2printf.o)
    0x08009c00   0x08009c00   0x0000002c   Code   RO         1068    .text               c_w.l(__2sprintf.o)
    0x08009c2c   0x08009c2c   0x0000004e   Code   RO         1076    .text               c_w.l(_printf_pad.o)
    0x08009c7a   0x08009c7a   0x00000052   Code   RO         1078    .text               c_w.l(_printf_str.o)
    0x08009ccc   0x08009ccc   0x00000078   Code   RO         1080    .text               c_w.l(_printf_dec.o)
    0x08009d44   0x08009d44   0x00000094   Code   RO         1100    .text               c_w.l(_printf_hex_int_ll_ptr.o)
    0x08009dd8   0x08009dd8   0x00000188   Code   RO         1120    .text               c_w.l(__printf_flags_ss_wp.o)
    0x08009f60   0x08009f60   0x0000003c   Code   RO         1127    .text               c_w.l(__0sscanf.o)
    0x08009f9c   0x08009f9c   0x0000014c   Code   RO         1129    .text               c_w.l(_scanf_int.o)
    0x0800a0e8   0x0800a0e8   0x0000000c   Code   RO         1131    .text               c_w.l(strtok.o)
    0x0800a0f4   0x0800a0f4   0x00000024   Code   RO         1134    .text               c_w.l(strstr.o)
    0x0800a118   0x0800a118   0x00000048   Code   RO         1136    .text               c_w.l(strcpy.o)
    0x0800a160   0x0800a160   0x00000018   Code   RO         1138    .text               c_w.l(strcat.o)
    0x0800a178   0x0800a178   0x0000008a   Code   RO         1140    .text               c_w.l(rt_memcpy_v6.o)
    0x0800a202   0x0800a202   0x00000064   Code   RO         1142    .text               c_w.l(rt_memcpy_w.o)
    0x0800a266   0x0800a266   0x00000044   Code   RO         1144    .text               c_w.l(rt_memclr.o)
    0x0800a2aa   0x0800a2aa   0x0000004e   Code   RO         1146    .text               c_w.l(rt_memclr_w.o)
    0x0800a2f8   0x0800a2f8   0x00000080   Code   RO         1148    .text               c_w.l(strcmpv7m.o)
    0x0800a378   0x0800a378   0x00000006   Code   RO         1150    .text               c_w.l(heapauxi.o)
    0x0800a37e   0x0800a37e   0x00000002   Code   RO         1242    .text               c_w.l(use_no_semi.o)
    0x0800a380   0x0800a380   0x00000016   Code   RO         1249    .text               c_w.l(_rserrno.o)
    0x0800a396   0x0800a396   0x00000024   Code   RO         1251    .text               c_w.l(_printf_truncate.o)
    0x0800a3ba   0x0800a3ba   0x000000b2   Code   RO         1253    .text               c_w.l(_printf_intcommon.o)
    0x0800a46c   0x0800a46c   0x00000028   Code   RO         1255    .text               c_w.l(_printf_charcount.o)
    0x0800a494   0x0800a494   0x00000030   Code   RO         1257    .text               c_w.l(_printf_char_common.o)
    0x0800a4c4   0x0800a4c4   0x0000000a   Code   RO         1259    .text               c_w.l(_sputc.o)
    0x0800a4ce   0x0800a4ce   0x0000002c   Code   RO         1261    .text               c_w.l(_printf_char.o)
    0x0800a4fa   0x0800a4fa   0x00000002   PAD
    0x0800a4fc   0x0800a4fc   0x00000024   Code   RO         1263    .text               c_w.l(_printf_char_file.o)
    0x0800a520   0x0800a520   0x000000bc   Code   RO         1265    .text               c_w.l(_printf_wctomb.o)
    0x0800a5dc   0x0800a5dc   0x0000007c   Code   RO         1268    .text               c_w.l(_printf_longlong_dec.o)
    0x0800a658   0x0800a658   0x00000070   Code   RO         1274    .text               c_w.l(_printf_oct_int_ll.o)
    0x0800a6c8   0x0800a6c8   0x0000001c   Code   RO         1296    .text               c_w.l(_chval.o)
    0x0800a6e4   0x0800a6e4   0x0000002c   Code   RO         1298    .text               c_w.l(scanf_char.o)
    0x0800a710   0x0800a710   0x00000040   Code   RO         1300    .text               c_w.l(_sgetc.o)
    0x0800a750   0x0800a750   0x00000044   Code   RO         1302    .text               c_w.l(strtok_int.o)
    0x0800a794   0x0800a794   0x00000008   Code   RO         1390    .text               c_w.l(rt_errno_addr_intlibspace.o)
    0x0800a79c   0x0800a79c   0x0000008a   Code   RO         1392    .text               c_w.l(lludiv10.o)
    0x0800a826   0x0800a826   0x00000012   Code   RO         1394    .text               c_w.l(isspace.o)
    0x0800a838   0x0800a838   0x0000041e   Code   RO         1396    .text               c_w.l(_printf_fp_dec.o)
    0x0800ac56   0x0800ac56   0x00000002   PAD
    0x0800ac58   0x0800ac58   0x000002fc   Code   RO         1398    .text               c_w.l(_printf_fp_hex.o)
    0x0800af54   0x0800af54   0x0000002c   Code   RO         1403    .text               c_w.l(_printf_wchar.o)
    0x0800af80   0x0800af80   0x00000374   Code   RO         1405    .text               c_w.l(_scanf.o)
    0x0800b2f4   0x0800b2f4   0x00000008   Code   RO         1407    .text               c_w.l(ferror.o)
    0x0800b2fc   0x0800b2fc   0x00000040   Code   RO         1411    .text               c_w.l(_wcrtomb.o)
    0x0800b33c   0x0800b33c   0x00000020   Code   RO         1413    .text               c_w.l(strcspn.o)
    0x0800b35c   0x0800b35c   0x0000001c   Code   RO         1415    .text               c_w.l(strspn.o)
    0x0800b378   0x0800b378   0x00000008   Code   RO         1419    .text               c_w.l(libspace.o)
    0x0800b380   0x0800b380   0x0000004a   Code   RO         1422    .text               c_w.l(sys_stackheap_outer.o)
    0x0800b3ca   0x0800b3ca   0x00000002   PAD
    0x0800b3cc   0x0800b3cc   0x00000010   Code   RO         1424    .text               c_w.l(rt_ctype_table.o)
    0x0800b3dc   0x0800b3dc   0x00000008   Code   RO         1429    .text               c_w.l(rt_locale_intlibspace.o)
    0x0800b3e4   0x0800b3e4   0x00000080   Code   RO         1431    .text               c_w.l(_printf_fp_infnan.o)
    0x0800b464   0x0800b464   0x000000e4   Code   RO         1433    .text               c_w.l(bigflt0.o)
    0x0800b548   0x0800b548   0x00000012   Code   RO         1461    .text               c_w.l(exit.o)
    0x0800b55a   0x0800b55a   0x0000003e   Code   RO         1436    CL$$btod_d2e        c_w.l(btod.o)
    0x0800b598   0x0800b598   0x00000046   Code   RO         1438    CL$$btod_d2e_denorm_low  c_w.l(btod.o)
    0x0800b5de   0x0800b5de   0x00000060   Code   RO         1437    CL$$btod_d2e_norm_op1  c_w.l(btod.o)
    0x0800b63e   0x0800b63e   0x00000338   Code   RO         1446    CL$$btod_div_common  c_w.l(btod.o)
    0x0800b976   0x0800b976   0x000000dc   Code   RO         1443    CL$$btod_e2e        c_w.l(btod.o)
    0x0800ba52   0x0800ba52   0x0000002a   Code   RO         1440    CL$$btod_ediv       c_w.l(btod.o)
    0x0800ba7c   0x0800ba7c   0x0000002a   Code   RO         1439    CL$$btod_emul       c_w.l(btod.o)
    0x0800baa6   0x0800baa6   0x00000244   Code   RO         1445    CL$$btod_mult_common  c_w.l(btod.o)
    0x0800bcea   0x0800bcea   0x00000002   PAD
    0x0800bcec   0x0800bcec   0x00000098   Code   RO         1022    CODE                os_cpu_a.o
    0x0800bd84   0x0800bd84   0x00000028   Code   RO         1354    i.__ARM_fpclassify  m_ws.l(fpclassify.o)
    0x0800bdac   0x0800bdac   0x00000388   Code   RO         1359    i.__ieee754_rem_pio2  m_ws.l(rred.o)
    0x0800c134   0x0800c134   0x000000fc   Code   RO         1337    i.__kernel_cos      m_ws.l(cos_i.o)
    0x0800c230   0x0800c230   0x000000aa   Code   RO         1356    i.__kernel_poly     m_ws.l(poly.o)
    0x0800c2da   0x0800c2da   0x00000002   PAD
    0x0800c2dc   0x0800c2dc   0x000000ec   Code   RO         1364    i.__kernel_sin      m_ws.l(sin_i.o)
    0x0800c3c8   0x0800c3c8   0x00000010   Code   RO         1340    i.__mathlib_dbl_divzero  m_ws.l(dunder.o)
    0x0800c3d8   0x0800c3d8   0x00000006   Code   RO         1341    i.__mathlib_dbl_infnan  m_ws.l(dunder.o)
    0x0800c3de   0x0800c3de   0x00000004   Code   RO         1342    i.__mathlib_dbl_infnan2  m_ws.l(dunder.o)
    0x0800c3e2   0x0800c3e2   0x0000000c   Code   RO         1343    i.__mathlib_dbl_invalid  m_ws.l(dunder.o)
    0x0800c3ee   0x0800c3ee   0x0000000e   Code   RO         1344    i.__mathlib_dbl_overflow  m_ws.l(dunder.o)
    0x0800c3fc   0x0800c3fc   0x00000010   Code   RO         1346    i.__mathlib_dbl_underflow  m_ws.l(dunder.o)
    0x0800c40c   0x0800c40c   0x0000000e   Code   RO         1113    i._is_digit         c_w.l(__printf_wp.o)
    0x0800c41a   0x0800c41a   0x00000002   PAD
    0x0800c41c   0x0800c41c   0x00000270   Code   RO         1191    i.asin              m_ws.l(asin.o)
    0x0800c68c   0x0800c68c   0x00000220   Code   RO         1328    i.atan              m_ws.l(atan.o)
    0x0800c8ac   0x0800c8ac   0x00000180   Code   RO         1201    i.atan2             m_ws.l(atan2.o)
    0x0800ca2c   0x0800ca2c   0x0000009c   Code   RO         1209    i.cos               m_ws.l(cos.o)
    0x0800cac8   0x0800cac8   0x000009d8   Code   RO         1217    i.pow               m_ws.l(pow.o)
    0x0800d4a0   0x0800d4a0   0x000000a0   Code   RO         1227    i.sin               m_ws.l(sin.o)
    0x0800d540   0x0800d540   0x0000004c   Code   RO         1235    i.sqrt              m_ws.l(sqrt.o)
    0x0800d58c   0x0800d58c   0x0000002c   Code   RO         1459    locale$$code        c_w.l(lc_numeric_c.o)
    0x0800d5b8   0x0800d5b8   0x0000002c   Code   RO         1482    locale$$code        c_w.l(lc_ctype_c.o)
    0x0800d5e4   0x0800d5e4   0x00000062   Code   RO         1154    x$fpl$d2f           fz_ws.l(d2f.o)
    0x0800d646   0x0800d646   0x00000002   PAD
    0x0800d648   0x0800d648   0x00000150   Code   RO         1156    x$fpl$dadd          fz_ws.l(daddsub_clz.o)
    0x0800d798   0x0800d798   0x00000010   Code   RO         1304    x$fpl$dcheck1       fz_ws.l(dcheck1.o)
    0x0800d7a8   0x0800d7a8   0x00000018   Code   RO         1306    x$fpl$dcmpinf       fz_ws.l(dcmpi.o)
    0x0800d7c0   0x0800d7c0   0x000002b0   Code   RO         1163    x$fpl$ddiv          fz_ws.l(ddiv.o)
    0x0800da70   0x0800da70   0x0000005e   Code   RO         1166    x$fpl$dfix          fz_ws.l(dfix.o)
    0x0800dace   0x0800dace   0x00000002   PAD
    0x0800dad0   0x0800dad0   0x0000005a   Code   RO         1170    x$fpl$dfixu         fz_ws.l(dfixu.o)
    0x0800db2a   0x0800db2a   0x0000002e   Code   RO         1175    x$fpl$dflt          fz_ws.l(dflt_clz.o)
    0x0800db58   0x0800db58   0x00000026   Code   RO         1174    x$fpl$dfltu         fz_ws.l(dflt_clz.o)
    0x0800db7e   0x0800db7e   0x00000002   PAD
    0x0800db80   0x0800db80   0x00000078   Code   RO         1180    x$fpl$dleqf         fz_ws.l(dleqf.o)
    0x0800dbf8   0x0800dbf8   0x00000154   Code   RO         1182    x$fpl$dmul          fz_ws.l(dmul.o)
    0x0800dd4c   0x0800dd4c   0x0000009c   Code   RO         1308    x$fpl$dnaninf       fz_ws.l(dnaninf.o)
    0x0800dde8   0x0800dde8   0x0000000c   Code   RO         1310    x$fpl$dretinf       fz_ws.l(dretinf.o)
    0x0800ddf4   0x0800ddf4   0x0000006c   Code   RO         1184    x$fpl$drleqf        fz_ws.l(drleqf.o)
    0x0800de60   0x0800de60   0x00000016   Code   RO         1157    x$fpl$drsb          fz_ws.l(daddsub_clz.o)
    0x0800de76   0x0800de76   0x00000002   PAD
    0x0800de78   0x0800de78   0x000001cc   Code   RO         1312    x$fpl$dsqrt         fz_ws.l(dsqrt_noumaal.o)
    0x0800e044   0x0800e044   0x000001d4   Code   RO         1158    x$fpl$dsub          fz_ws.l(daddsub_clz.o)
    0x0800e218   0x0800e218   0x00000056   Code   RO         1186    x$fpl$f2d           fz_ws.l(f2d.o)
    0x0800e26e   0x0800e26e   0x0000008c   Code   RO         1314    x$fpl$fnaninf       fz_ws.l(fnaninf.o)
    0x0800e2fa   0x0800e2fa   0x0000000a   Code   RO         1316    x$fpl$fretinf       fz_ws.l(fretinf.o)
    0x0800e304   0x0800e304   0x00000004   Code   RO         1318    x$fpl$printf1       fz_ws.l(printf1.o)
    0x0800e308   0x0800e308   0x00000004   Code   RO         1320    x$fpl$printf2       fz_ws.l(printf2.o)
    0x0800e30c   0x0800e30c   0x00000064   Code   RO         1417    x$fpl$retnan        fz_ws.l(retnan.o)
    0x0800e370   0x0800e370   0x0000005c   Code   RO         1188    x$fpl$scalbn        fz_ws.l(scalbn.o)
    0x0800e3cc   0x0800e3cc   0x00000030   Code   RO         1475    x$fpl$trapveneer    fz_ws.l(trapv.o)
    0x0800e3fc   0x0800e3fc   0x00000000   Code   RO         1326    x$fpl$usenofp       fz_ws.l(usenofp.o)
    0x0800e3fc   0x0800e3fc   0x00000818   Data   RO          234    .constdata          oled.o
    0x0800ec14   0x0800ec14   0x00000100   Data   RO          595    .constdata          cpu_core.o
    0x0800ed14   0x0800ed14   0x00000094   Data   RO          691    .constdata          lib_str.o
    0x0800eda8   0x0800eda8   0x00000094   Data   RO          722    .constdata          os_cfg_app.o
    0x0800ee3c   0x0800ee3c   0x00000028   Data   RO         1101    .constdata          c_w.l(_printf_hex_int_ll_ptr.o)
    0x0800ee64   0x0800ee64   0x00000011   Data   RO         1121    .constdata          c_w.l(__printf_flags_ss_wp.o)
    0x0800ee75   0x0800ee75   0x00000003   PAD
    0x0800ee78   0x0800ee78   0x00000050   Data   RO         1192    .constdata          m_ws.l(asin.o)
    0x0800eec8   0x0800eec8   0x00000088   Data   RO         1218    .constdata          m_ws.l(pow.o)
    0x0800ef50   0x0800ef50   0x00000008   Data   RO         1266    .constdata          c_w.l(_printf_wctomb.o)
    0x0800ef58   0x0800ef58   0x00000098   Data   RO         1329    .constdata          m_ws.l(atan.o)
    0x0800eff0   0x0800eff0   0x00000030   Data   RO         1338    .constdata          m_ws.l(cos_i.o)
    0x0800f020   0x0800f020   0x00000008   Data   RO         1358    .constdata          m_ws.l(qnan.o)
    0x0800f028   0x0800f028   0x000000c8   Data   RO         1361    .constdata          m_ws.l(rred.o)
    0x0800f0f0   0x0800f0f0   0x00000028   Data   RO         1365    .constdata          m_ws.l(sin_i.o)
    0x0800f118   0x0800f118   0x00000026   Data   RO         1399    .constdata          c_w.l(_printf_fp_hex.o)
    0x0800f13e   0x0800f13e   0x00000002   PAD
    0x0800f140   0x0800f140   0x00000094   Data   RO         1434    .constdata          c_w.l(bigflt0.o)
    0x0800f1d4   0x0800f1d4   0x00000020   Data   RO         1600    Region$$Table       anon$$obj.o
    0x0800f1f4   0x0800f1f4   0x0000001c   Data   RO         1458    locale$$data        c_w.l(lc_numeric_c.o)
    0x0800f210   0x0800f210   0x00000110   Data   RO         1481    locale$$data        c_w.l(lc_ctype_c.o)


    Execution Region RW_IRAM1 (Exec base: 0x20000000, Load base: 0x0800f320, Size: 0x00004810, Max: 0x00005000, ABSOLUTE, COMPRESSED[0x00000124])

    Exec Addr    Load Addr    Size         Type   Attr      Idx    E Section Name        Object

    0x20000000   COMPRESSED   0x00000018   Data   RW            3    .data               main.o
    0x20000018   COMPRESSED   0x00000014   Data   RW          204    .data               system_stm32f10x.o
    0x2000002c   COMPRESSED   0x00000240   Data   RW          235    .data               oled.o
    0x2000026c   COMPRESSED   0x00000001   Data   RW          283    .data               esp8266.o
    0x2000026d   COMPRESSED   0x00000001   PAD
    0x2000026e   COMPRESSED   0x00000004   Data   RW          341    .data               delay.o
    0x20000272   COMPRESSED   0x00000001   Data   RW          374    .data               usart1.o
    0x20000273   COMPRESSED   0x00000001   PAD
    0x20000274   COMPRESSED   0x00000004   Data   RW          375    .data               usart1.o
    0x20000278   COMPRESSED   0x00000001   Data   RW          399    .data               usart2.o
    0x20000279   COMPRESSED   0x00000004   Data   RW          415    .data               usart3.o
    0x2000027d   COMPRESSED   0x00000014   Data   RW          523    .data               stm32f10x_rcc.o
    0x20000291   COMPRESSED   0x00000003   PAD
    0x20000294   COMPRESSED   0x00000004   Data   RW          597    .data               cpu_core.o
    0x20000298   COMPRESSED   0x00000004   Data   RW          673    .data               lib_mem.o
    0x2000029c   COMPRESSED   0x00000008   Data   RW          841    .data               os_prio.o
    0x200002a4   COMPRESSED   0x00000004   Data   RW          953    .data               os_var.o
    0x200002a8   COMPRESSED   0x00000004   Data   RW          954    .data               os_var.o
    0x200002ac   COMPRESSED   0x00000004   Data   RW          955    .data               os_var.o
    0x200002b0   COMPRESSED   0x00000004   Data   RW          956    .data               os_var.o
    0x200002b4   COMPRESSED   0x00000004   Data   RW          957    .data               os_var.o
    0x200002b8   COMPRESSED   0x00000004   Data   RW          958    .data               os_var.o
    0x200002bc   COMPRESSED   0x00000004   Data   RW          959    .data               os_var.o
    0x200002c0   COMPRESSED   0x00000004   Data   RW          960    .data               os_var.o
    0x200002c4   COMPRESSED   0x00000001   Data   RW          961    .data               os_var.o
    0x200002c5   COMPRESSED   0x00000001   Data   RW          962    .data               os_var.o
    0x200002c6   COMPRESSED   0x00000002   PAD
    0x200002c8   COMPRESSED   0x00000004   Data   RW          963    .data               os_var.o
    0x200002cc   COMPRESSED   0x00000004   Data   RW          964    .data               os_var.o
    0x200002d0   COMPRESSED   0x00000002   Data   RW          965    .data               os_var.o
    0x200002d2   COMPRESSED   0x00000002   Data   RW          966    .data               os_var.o
    0x200002d4   COMPRESSED   0x00000002   Data   RW          967    .data               os_var.o
    0x200002d6   COMPRESSED   0x00000002   PAD
    0x200002d8   COMPRESSED   0x00000004   Data   RW          968    .data               os_var.o
    0x200002dc   COMPRESSED   0x00000004   Data   RW          969    .data               os_var.o
    0x200002e0   COMPRESSED   0x00000002   Data   RW          970    .data               os_var.o
    0x200002e2   COMPRESSED   0x00000002   PAD
    0x200002e4   COMPRESSED   0x00000004   Data   RW          971    .data               os_var.o
    0x200002e8   COMPRESSED   0x00000002   Data   RW          972    .data               os_var.o
    0x200002ea   COMPRESSED   0x00000002   PAD
    0x200002ec   COMPRESSED   0x00000004   Data   RW          973    .data               os_var.o
    0x200002f0   COMPRESSED   0x00000002   Data   RW          974    .data               os_var.o
    0x200002f2   COMPRESSED   0x00000001   Data   RW          975    .data               os_var.o
    0x200002f3   COMPRESSED   0x00000001   Data   RW          976    .data               os_var.o
    0x200002f4   COMPRESSED   0x00000001   Data   RW          977    .data               os_var.o
    0x200002f5   COMPRESSED   0x00000003   PAD
    0x200002f8   COMPRESSED   0x00000004   Data   RW          978    .data               os_var.o
    0x200002fc   COMPRESSED   0x00000002   Data   RW          979    .data               os_var.o
    0x200002fe   COMPRESSED   0x00000002   PAD
    0x20000300   COMPRESSED   0x00000004   Data   RW          980    .data               os_var.o
    0x20000304   COMPRESSED   0x00000004   Data   RW          981    .data               os_var.o
    0x20000308   COMPRESSED   0x00000004   Data   RW          982    .data               os_var.o
    0x2000030c   COMPRESSED   0x00000001   Data   RW          983    .data               os_var.o
    0x2000030d   COMPRESSED   0x00000003   PAD
    0x20000310   COMPRESSED   0x00000004   Data   RW          984    .data               os_var.o
    0x20000314   COMPRESSED   0x00000001   Data   RW          985    .data               os_var.o
    0x20000315   COMPRESSED   0x00000003   PAD
    0x20000318   COMPRESSED   0x00000004   Data   RW          986    .data               os_var.o
    0x2000031c   COMPRESSED   0x00000002   Data   RW          987    .data               os_var.o
    0x2000031e   COMPRESSED   0x00000001   Data   RW          988    .data               os_var.o
    0x2000031f   COMPRESSED   0x00000001   PAD
    0x20000320   COMPRESSED   0x00000002   Data   RW          989    .data               os_var.o
    0x20000322   COMPRESSED   0x00000002   Data   RW          990    .data               os_var.o
    0x20000324   COMPRESSED   0x00000004   Data   RW          991    .data               os_var.o
    0x20000328   COMPRESSED   0x00000004   Data   RW          992    .data               os_var.o
    0x2000032c   COMPRESSED   0x00000004   Data   RW          993    .data               os_var.o
    0x20000330   COMPRESSED   0x00000001   Data   RW          994    .data               os_var.o
    0x20000331   COMPRESSED   0x00000003   PAD
    0x20000334   COMPRESSED   0x00000004   Data   RW          995    .data               os_var.o
    0x20000338   COMPRESSED   0x00000004   Data   RW          996    .data               os_var.o
    0x2000033c   COMPRESSED   0x00000004   Data   RW          997    .data               os_var.o
    0x20000340   COMPRESSED   0x00000002   Data   RW          998    .data               os_var.o
    0x20000342   COMPRESSED   0x00000001   Data   RW          999    .data               os_var.o
    0x20000343   COMPRESSED   0x00000001   PAD
    0x20000344   COMPRESSED   0x00000004   Data   RW         1000    .data               os_var.o
    0x20000348   COMPRESSED   0x00000004   Data   RW         1001    .data               os_var.o
    0x2000034c   COMPRESSED   0x00000004   Data   RW         1002    .data               os_var.o
    0x20000350   COMPRESSED   0x00000002   Data   RW         1003    .data               os_var.o
    0x20000352   COMPRESSED   0x00000002   PAD
    0x20000354   COMPRESSED   0x00000004   Data   RW         1004    .data               os_var.o
    0x20000358   COMPRESSED   0x00000004   Data   RW         1005    .data               os_var.o
    0x2000035c   COMPRESSED   0x00000004   Data   RW         1006    .data               os_var.o
    0x20000360   COMPRESSED   0x00000004   Data   RW         1007    .data               os_var.o
    0x20000364   COMPRESSED   0x00000004   Data   RW         1008    .data               os_var.o
    0x20000368   COMPRESSED   0x00000004   Data   RW         1009    .data               os_var.o
    0x2000036c   COMPRESSED   0x00000004   Data   RW         1026    .data               os_cpu_c.o
    0x20000370   COMPRESSED   0x00000004   Data   RW         1132    .data               c_w.l(strtok.o)
    0x20000374        -       0x000018f8   Zero   RW            2    .bss                main.o
    0x20001c6c        -       0x00000190   Zero   RW          373    .bss                usart1.o
    0x20001dfc        -       0x00000190   Zero   RW          398    .bss                usart2.o
    0x20001f8c        -       0x00000258   Zero   RW          414    .bss                usart3.o
    0x200021e4        -       0x00000010   Zero   RW          594    .bss                cpu_core.o
    0x200021f4        -       0x00000448   Zero   RW          672    .bss                lib_mem.o
    0x2000263c        -       0x00000200   Zero   RW          712    .bss                os_cfg_app.o
    0x2000283c        -       0x00000140   Zero   RW          713    .bss                os_cfg_app.o
    0x2000297c        -       0x00000200   Zero   RW          714    .bss                os_cfg_app.o
    0x20002b7c        -       0x00000200   Zero   RW          715    .bss                os_cfg_app.o
    0x20002d7c        -       0x00000640   Zero   RW          716    .bss                os_cfg_app.o
    0x200033bc        -       0x00000200   Zero   RW          717    .bss                os_cfg_app.o
    0x200035bc        -       0x00000200   Zero   RW          718    .bss                os_cfg_app.o
    0x200037bc        -       0x00000088   Zero   RW          719    .bss                os_cfg_app.o
    0x20003844        -       0x00000200   Zero   RW          720    .bss                os_cfg_app.o
    0x20003a44        -       0x00000088   Zero   RW          721    .bss                os_cfg_app.o
    0x20003acc        -       0x000000c4   Zero   RW          946    .bss                os_var.o
    0x20003b90        -       0x000000c4   Zero   RW          947    .bss                os_var.o
    0x20003c54        -       0x0000000c   Zero   RW          948    .bss                os_var.o
    0x20003c60        -       0x00000300   Zero   RW          949    .bss                os_var.o
    0x20003f60        -       0x000000c4   Zero   RW          950    .bss                os_var.o
    0x20004024        -       0x000000c4   Zero   RW          951    .bss                os_var.o
    0x200040e8        -       0x000000c4   Zero   RW          952    .bss                os_var.o
    0x200041ac        -       0x00000060   Zero   RW         1420    .bss                c_w.l(libspace.o)
    0x2000420c   COMPRESSED   0x00000004   PAD
    0x20004210        -       0x00000200   Zero   RW          480    HEAP                startup_stm32f10x_md.o
    0x20004410        -       0x00000400   Zero   RW          479    STACK               startup_stm32f10x_md.o


==============================================================================

Image component sizes


      Code (inc. data)   RO Data    RW Data    ZI Data      Debug   Object Name

       104         12          0          0          0       1729   bsp.o
        52          0          0          0          0        324   cpu_a.o
       444         12        256          4         16      14057   cpu_core.o
       280         28          0          4          0       2431   delay.o
       984        372          0          1          0       3936   esp8266.o
       988         58          0          0          0       2724   gps.o
       204         20          0          0          0       1590   hmc5883.o
       940         86          0          0          0       4808   iic.o
        64          6          0          0          0        578   iwdg.o
       100          4          0          0          0        764   led.o
       346          0          0          0          0       4338   lib_ascii.o
      1640         26          0          4       1096      22264   lib_mem.o
       544          0          0          0          0        468   lib_mem_a.o
      1448          4        148          0          0      12472   lib_str.o
      2544        272          0         24       6392     296400   main.o
       176         14          0          0          0       1901   misc.o
       828         12       2072        576          0       5047   oled.o
         2          0        148          0       5264      20778   os_cfg_app.o
      2780        268          0          0          0      13303   os_core.o
       152         32          0          0          0        380   os_cpu_a.o
       392         64          0          4          0       3585   os_cpu_c.o
         2          0          0          0          0        446   os_dbg.o
      1896         80          0          0          0       8197   os_flag.o
       808        146          0          0          0       2596   os_int.o
       372         20          0          0          0       2576   os_mem.o
       392         14          0          0          0       3023   os_msg.o
      1768         92          0          0          0       6048   os_mutex.o
       112          6          0          8          0       1800   os_prio.o
      1552         66          0          0          0       6530   os_q.o
      1364         58          0          0          0       6510   os_sem.o
      1024        146          0          0          0       2969   os_stat.o
      3884        216          0          0          0      15422   os_task.o
       848         82          0          0          0       3651   os_tick.o
       784         42          0          0          0       3417   os_time.o
      1628        128          0          0          0       6726   os_tmr.o
         0          0          0        174       1760      19317   os_var.o
       152          6          0          0          0        770   pwm2.o
        64         26        236          0       1536        780   startup_stm32f10x_md.o
       612         36          0          0          0       6025   stm32f10x_gpio.o
        14          0          0          0          0        955   stm32f10x_it.o
        60          6          0          0          0       1305   stm32f10x_iwdg.o
       696         32          0         20          0       8992   stm32f10x_rcc.o
      2800         84          0          0          0      23966   stm32f10x_tim.o
       808         22          0          0          0       8888   stm32f10x_usart.o
         0          0          0          0          0         32   sys.o
       344         34          0         20          0       1731   system_stm32f10x.o
       540         18          0          5        400       5985   usart1.o
       312         18          0          1        400       2330   usart2.o
       648         66          0          4        600       3964   usart3.o
       656         38          0          0          0       2976   utils.o

    ----------------------------------------------------------------------
     39160       2772       2892        880      17464     571804   Object Totals
         0          0         32          0          0          0   (incl. Generated)
         8          0          0         31          0          0   (incl. Padding)

    ----------------------------------------------------------------------

      Code (inc. data)   RO Data    RW Data    ZI Data      Debug   Library Member Name

        60          8          0          0          0         84   __0sscanf.o
        24          4          0          0          0         84   __2printf.o
        44          6          0          0          0         84   __2sprintf.o
        90          0          0          0          0          0   __dczerorl2.o
         8          0          0          0          0         68   __main.o
       392          4         17          0          0         92   __printf_flags_ss_wp.o
        14          0          0          0          0         68   __printf_wp.o
         0          0          0          0          0          0   __rtentry.o
        12          0          0          0          0          0   __rtentry2.o
         6          0          0          0          0          0   __rtentry4.o
        52          8          0          0          0          0   __scatter.o
        28          0          0          0          0          0   __scatter_zi.o
        28          0          0          0          0         68   _chval.o
         6          0          0          0          0          0   _printf_a.o
         6          0          0          0          0          0   _printf_c.o
        44          0          0          0          0        108   _printf_char.o
        48          6          0          0          0         96   _printf_char_common.o
        36          4          0          0          0         80   _printf_char_file.o
        40          0          0          0          0         68   _printf_charcount.o
         6          0          0          0          0          0   _printf_d.o
       120         16          0          0          0         92   _printf_dec.o
         6          0          0          0          0          0   _printf_e.o
         6          0          0          0          0          0   _printf_f.o
      1054          0          0          0          0        216   _printf_fp_dec.o
       764          8         38          0          0        100   _printf_fp_hex.o
       128         16          0          0          0         84   _printf_fp_infnan.o
         6          0          0          0          0          0   _printf_g.o
       148          4         40          0          0        160   _printf_hex_int_ll_ptr.o
         6          0          0          0          0          0   _printf_i.o
       178          0          0          0          0         88   _printf_intcommon.o
        10          0          0          0          0          0   _printf_l.o
         6          0          0          0          0          0   _printf_lc.o
        10          0          0          0          0          0   _printf_ll.o
         6          0          0          0          0          0   _printf_lld.o
         6          0          0          0          0          0   _printf_lli.o
         6          0          0          0          0          0   _printf_llo.o
         6          0          0          0          0          0   _printf_llu.o
         6          0          0          0          0          0   _printf_llx.o
       124         16          0          0          0         92   _printf_longlong_dec.o
         6          0          0          0          0          0   _printf_ls.o
         6          0          0          0          0          0   _printf_n.o
         6          0          0          0          0          0   _printf_o.o
       112         10          0          0          0        124   _printf_oct_int_ll.o
         6          0          0          0          0          0   _printf_p.o
        78          0          0          0          0        108   _printf_pad.o
         0          0          0          0          0          0   _printf_percent.o
         4          0          0          0          0          0   _printf_percent_end.o
         6          0          0          0          0          0   _printf_s.o
        82          0          0          0          0         80   _printf_str.o
        36          0          0          0          0         84   _printf_truncate.o
         6          0          0          0          0          0   _printf_u.o
        44          0          0          0          0        108   _printf_wchar.o
       188          6          8          0          0         92   _printf_wctomb.o
         6          0          0          0          0          0   _printf_x.o
        22          0          0          0          0        100   _rserrno.o
       884          6          0          0          0        100   _scanf.o
       332          0          0          0          0         96   _scanf_int.o
        64          0          0          0          0         84   _sgetc.o
        10          0          0          0          0         68   _sputc.o
        64          0          0          0          0         92   _wcrtomb.o
       228          4        148          0          0         96   bigflt0.o
      1936        128          0          0          0        672   btod.o
        18          0          0          0          0         80   exit.o
         8          0          0          0          0         68   ferror.o
         6          0          0          0          0        152   heapauxi.o
        18          0          0          0          0         76   isspace.o
        44         10        272          0          0         76   lc_ctype_c.o
        44         10         28          0          0         76   lc_numeric_c.o
         2          0          0          0          0          0   libinit.o
        30          0          0          0          0          0   libinit2.o
         2          0          0          0          0          0   libshutdown.o
         2          0          0          0          0          0   libshutdown2.o
         8          4          0          0         96         68   libspace.o
       138          0          0          0          0         80   lludiv10.o
       238          0          0          0          0        100   lludivv7m.o
        16          4          0          0          0         76   rt_ctype_table.o
         8          4          0          0          0         68   rt_errno_addr_intlibspace.o
         8          4          0          0          0         68   rt_locale_intlibspace.o
        68          0          0          0          0         68   rt_memclr.o
        78          0          0          0          0         80   rt_memclr_w.o
       138          0          0          0          0         68   rt_memcpy_v6.o
       100          0          0          0          0         80   rt_memcpy_w.o
         2          0          0          0          0          0   rtexit.o
        10          0          0          0          0          0   rtexit2.o
        44          8          0          0          0         84   scanf_char.o
        24          0          0          0          0         68   strcat.o
       128          0          0          0          0         68   strcmpv7m.o
        72          0          0          0          0         80   strcpy.o
        32          0          0          0          0         80   strcspn.o
        28          0          0          0          0         80   strspn.o
        36          0          0          0          0         80   strstr.o
        12          6          0          4          0         68   strtok.o
        68          4          0          0          0         84   strtok_int.o
        74          0          0          0          0         80   sys_stackheap_outer.o
         2          0          0          0          0         68   use_no_semi.o
         2          0          0          0          0         68   use_no_semi_2.o
        36          4          0          0          0         76   vsprintf.o
        98          4          0          0          0         92   d2f.o
       826         16          0          0          0        348   daddsub_clz.o
        16          4          0          0          0         68   dcheck1.o
        24          0          0          0          0         68   dcmpi.o
       688        140          0          0          0        208   ddiv.o
        94          4          0          0          0         92   dfix.o
        90          4          0          0          0         92   dfixu.o
        84          0          0          0          0        136   dflt_clz.o
       120          4          0          0          0         92   dleqf.o
       340         12          0          0          0        104   dmul.o
       156          4          0          0          0         92   dnaninf.o
        12          0          0          0          0         68   dretinf.o
       108          0          0          0          0         80   drleqf.o
       460         56          0          0          0        120   dsqrt_noumaal.o
        86          4          0          0          0         84   f2d.o
       140          4          0          0          0         84   fnaninf.o
        10          0          0          0          0         68   fretinf.o
         4          0          0          0          0         68   printf1.o
         4          0          0          0          0         68   printf2.o
       100          0          0          0          0         68   retnan.o
        92          0          0          0          0         68   scalbn.o
        48          0          0          0          0         68   trapv.o
         0          0          0          0          0          0   usenofp.o
       624         52         80          0          0        168   asin.o
       544         70        152          0          0        124   atan.o
       384         38          0          0          0        144   atan2.o
       156          8          0          0          0        104   cos.o
       252         22         48          0          0        124   cos_i.o
        68         10          0          0          0        408   dunder.o
        40          0          0          0          0         68   fpclassify.o
       170          0          0          0          0         96   poly.o
      2520        190        136          0          0        324   pow.o
         0          0          8          0          0          0   qnan.o
       904         76        200          0          0        140   rred.o
       160         10          0          0          0        108   sin.o
       236         12         40          0          0        128   sin_i.o
        76          0          0          0          0         84   sqrt.o

    ----------------------------------------------------------------------
     18968       1056       1220          4        100      10160   Library Totals
        24          0          5          0          4          0   (incl. Padding)

    ----------------------------------------------------------------------

      Code (inc. data)   RO Data    RW Data    ZI Data      Debug   Library Name

      9210        312        551          4         96       5904   c_w.l
      3600        256          0          0          0       2236   fz_ws.l
      6134        488        664          0          0       2020   m_ws.l

    ----------------------------------------------------------------------
     18968       1056       1220          4        100      10160   Library Totals

    ----------------------------------------------------------------------

==============================================================================


      Code (inc. data)   RO Data    RW Data    ZI Data      Debug   

     58128       3828       4112        884      17564     570988   Grand Totals
     58128       3828       4112        292      17564     570988   ELF Image Totals (compressed)
     58128       3828       4112        292          0          0   ROM Totals

==============================================================================

    Total RO  Size (Code + RO Data)                62240 (  60.78kB)
    Total RW  Size (RW Data + ZI Data)             18448 (  18.02kB)
    Total ROM Size (Code + RO Data + RW Data)      62532 (  61.07kB)

==============================================================================

