Component: ARM Compiler 5.06 update 6 (build 750) Tool: armlink [4d35ed]

==============================================================================

Section Cross References

    main.o(.text) refers to _printf_percent.o(.ARM.Collect$$_printf_percent$$00000000) for _printf_percent
    main.o(.text) refers to _printf_d.o(.ARM.Collect$$_printf_percent$$00000009) for _printf_d
    main.o(.text) refers to _printf_dec.o(.text) for _printf_int_dec
    main.o(.text) refers to _printf_pad.o(.text) for _printf_pre_padding
    main.o(.text) refers to iwdg.o(.text) for iwdg_feed
    main.o(.text) refers to cpu_a.o(.text) for CPU_SR_Save
    main.o(.text) refers to utils.o(.text) for gps_from_message
    main.o(.text) refers to usart1.o(.text) for usart1_printf
    main.o(.text) refers to rt_memcpy_w.o(.text) for __aeabi_memcpy4
    main.o(.text) refers to os_sem.o(.text) for OSSemPost
    main.o(.text) refers to os_core.o(.text) for OS_Sched0
    main.o(.text) refers to os_time.o(.text) for OSTimeDlyHMSM
    main.o(.text) refers to gps.o(.text) for gps_get_info
    main.o(.text) refers to hmc5883l.o(.text) for hmc5883l_get_angle
    main.o(.text) refers to dflt_clz.o(x$fpl$dfltu) for __aeabi_ui2d
    main.o(.text) refers to daddsub_clz.o(x$fpl$dadd) for __aeabi_dadd
    main.o(.text) refers to dfixu.o(x$fpl$dfixu) for __aeabi_d2uiz
    main.o(.text) refers to led.o(.text) for led_set_light_angle
    main.o(.text) refers to d2f.o(x$fpl$d2f) for __aeabi_d2f
    main.o(.text) refers to oled.o(.text) for oled_clear
    main.o(.text) refers to drleqf.o(x$fpl$drleqf) for __aeabi_cdrcmple
    main.o(.text) refers to dfix.o(x$fpl$dfix) for __aeabi_d2iz
    main.o(.text) refers to dmul.o(x$fpl$dmul) for __aeabi_dmul
    main.o(.text) refers to dleqf.o(x$fpl$dleqf) for __aeabi_cdcmple
    main.o(.text) refers to __2sprintf.o(.text) for __2sprintf
    main.o(.text) refers to faddsub_clz.o(x$fpl$fsub) for __aeabi_fsub
    main.o(.text) refers to faddsub_clz.o(x$fpl$fadd) for __aeabi_fadd
    main.o(.text) refers to ffix.o(x$fpl$ffix) for __aeabi_f2iz
    main.o(.text) refers to main.o(.data) for .data
    main.o(.text) refers to main.o(.bss) for .bss
    main.o(.text) refers to os_var.o(.data) for OSSchedLockNestingCtr
    main.o(.text) refers to usart1.o(.bss) for hc14_receive_message
    main.o(.text) refers to os_var.o(.data) for OSIntQNbrEntries
    main.o(.text) refers to esp8266.o(.text) for esp8266_connect_mqtt
    main.o(.text) refers to cpu_core.o(.text) for CPU_Init
    main.o(.text) refers to os_stat.o(.text) for OSStatTaskCPUUsageInit
    main.o(.text) refers to os_task.o(.text) for OSTaskCreate
    main.o(.text) refers to misc.o(.text) for NVIC_PriorityGroupConfig
    main.o(.text) refers to system_stm32f10x.o(.text) for SystemInit
    main.o(.text) refers to delay.o(.text) for delay_init
    main.o(.text) refers to usart3.o(.data) for mqtt_connect_state
    main.o(.text) refers to usart3.o(.bss) for mqtt_receive_message
    system_stm32f10x.o(.text) refers to system_stm32f10x.o(.data) for .data
    led.o(.text) refers to stm32f10x_rcc.o(.text) for RCC_APB2PeriphClockCmd
    led.o(.text) refers to stm32f10x_gpio.o(.text) for GPIO_Init
    led.o(.text) refers to led.o(.constdata) for .constdata
    oled.o(.text) refers to iic.o(.text) for iic_send_data
    oled.o(.text) refers to delay.o(.text) for delay_ms
    oled.o(.text) refers to oled.o(.constdata) for .constdata
    oled.o(.text) refers to oled.o(.data) for .data
    iic.o(.text) refers to stm32f10x_gpio.o(.text) for GPIO_ReadInputDataBit
    iic.o(.text) refers to delay.o(.text) for delay_us
    iic.o(.text) refers to stm32f10x_rcc.o(.text) for RCC_APB2PeriphClockCmd
    iic.o(.text) refers to os_core.o(.text) for OSIntEnter
    iic.o(.text) refers to __2printf.o(.text) for __2printf
    esp8266.o(.text) refers to _printf_percent.o(.ARM.Collect$$_printf_percent$$00000000) for _printf_percent
    esp8266.o(.text) refers to _printf_s.o(.ARM.Collect$$_printf_percent$$00000014) for _printf_s
    esp8266.o(.text) refers to _printf_str.o(.text) for _printf_str
    esp8266.o(.text) refers to _printf_d.o(.ARM.Collect$$_printf_percent$$00000009) for _printf_d
    esp8266.o(.text) refers to _printf_dec.o(.text) for _printf_int_dec
    esp8266.o(.text) refers to rt_memclr.o(.text) for __aeabi_memclr
    esp8266.o(.text) refers to usart3.o(.text) for usart3_send_string
    esp8266.o(.text) refers to strstr.o(.text) for strstr
    esp8266.o(.text) refers to __2printf.o(.text) for __2printf
    esp8266.o(.text) refers to delay.o(.text) for delay_us
    esp8266.o(.text) refers to strtok.o(.text) for strtok
    esp8266.o(.text) refers to strcpy.o(.text) for strcpy
    esp8266.o(.text) refers to strcat.o(.text) for strcat
    esp8266.o(.text) refers to __2sprintf.o(.text) for __2sprintf
    esp8266.o(.text) refers to rt_memclr_w.o(.text) for __aeabi_memclr4
    esp8266.o(.text) refers to os_time.o(.text) for OSTimeDlyHMSM
[...]
    OSTaskResume                             0x08007c33   Thumb Code    78  os_task.o(.text)
    OSTaskSemPend                            0x08007c81   Thumb Code   300  os_task.o(.text)
    OSTaskSemPendAbort                       0x08007dad   Thumb Code   148  os_task.o(.text)
    OS_TaskSemPost                           0x08007e41   Thumb Code   284  os_task.o(.text)
    OSTaskSemPost                            0x08007f5d   Thumb Code    78  os_task.o(.text)
    OSTaskSemSet                             0x08007fab   Thumb Code    52  os_task.o(.text)
    OSTaskStkChk                             0x08007fdf   Thumb Code   136  os_task.o(.text)
    OS_TaskSuspend                           0x08008067   Thumb Code   158  os_task.o(.text)
    OSTaskSuspend                            0x08008105   Thumb Code    64  os_task.o(.text)
    OSTaskTimeQuantaSet                      0x08008145   Thumb Code    68  os_task.o(.text)
    OS_TaskInit                              0x08008189   Thumb Code    18  os_task.o(.text)
    OS_TaskReturn                            0x0800819b   Thumb Code    20  os_task.o(.text)
    OS_TickListRemove                        0x080081dd   Thumb Code    54  os_tick.o(.text)
    OS_TickListUpdate                        0x08008213   Thumb Code   304  os_tick.o(.text)
    OS_TickTask                              0x08008343   Thumb Code    36  os_tick.o(.text)
    OS_TickListInit                          0x08008367   Thumb Code    34  os_tick.o(.text)
    OS_TickTaskInit                          0x08008389   Thumb Code   114  os_tick.o(.text)
    OS_TickListInsert                        0x080083fb   Thumb Code   202  os_tick.o(.text)
    OS_TickListResetPeak                     0x080084c5   Thumb Code    30  os_tick.o(.text)
    OSTimeDly                                0x0800852d   Thumb Code   158  os_time.o(.text)
    OSTimeDlyHMSM                            0x080085cb   Thumb Code   308  os_time.o(.text)
    OSTimeDlyResume                          0x080086ff   Thumb Code   184  os_time.o(.text)
    OSTimeGet                                0x080087b7   Thumb Code    24  os_time.o(.text)
    OSTimeSet                                0x080087cf   Thumb Code    24  os_time.o(.text)
    OSTimeTick                               0x080087e7   Thumb Code    52  os_time.o(.text)
    OS_TmrDbgListAdd                         0x0800883d   Thumb Code    22  os_tmr.o(.text)
    OSTmrCreate                              0x08008853   Thumb Code   168  os_tmr.o(.text)
    OS_TmrClr                                0x080088fb   Thumb Code    34  os_tmr.o(.text)
    OS_TmrUnlink                             0x0800891d   Thumb Code    68  os_tmr.o(.text)
    OS_TmrDbgListRemove                      0x08008961   Thumb Code    36  os_tmr.o(.text)
    OSTmrDel                                 0x08008985   Thumb Code   134  os_tmr.o(.text)
    OSTmrRemainGet                           0x08008a0b   Thumb Code   140  os_tmr.o(.text)
    OS_TmrLink                               0x08008a97   Thumb Code   140  os_tmr.o(.text)
    OSTmrStart                               0x08008b23   Thumb Code   122  os_tmr.o(.text)
    OSTmrStateGet                            0x08008b9d   Thumb Code    86  os_tmr.o(.text)
    OSTmrStop                                0x08008bf3   Thumb Code   226  os_tmr.o(.text)
    OS_TmrTask                               0x08008cd5   Thumb Code   164  os_tmr.o(.text)
    OS_TmrInit                               0x08008d79   Thumb Code   174  os_tmr.o(.text)
    OS_TmrResetPeak                          0x08008e27   Thumb Code    30  os_tmr.o(.text)
    OSIdleTaskHook                           0x08008e99   Thumb Code    12  os_cpu_c.o(.text)
    OSInitHook                               0x08008ea5   Thumb Code    22  os_cpu_c.o(.text)
    OSStatTaskHook                           0x08008ebb   Thumb Code    12  os_cpu_c.o(.text)
    OSTaskCreateHook                         0x08008ec7   Thumb Code    12  os_cpu_c.o(.text)
    OSTaskDelHook                            0x08008ed3   Thumb Code    12  os_cpu_c.o(.text)
    OSTaskReturnHook                         0x08008edf   Thumb Code    12  os_cpu_c.o(.text)
    OSTaskStkInit                            0x08008eeb   Thumb Code    96  os_cpu_c.o(.text)
    OSTaskSwHook                             0x08008f4b   Thumb Code    72  os_cpu_c.o(.text)
    OSTimeTickHook                           0x08008f93   Thumb Code    12  os_cpu_c.o(.text)
    OS_CPU_SysTickHandler                    0x08008f9f   Thumb Code    30  os_cpu_c.o(.text)
    OS_CPU_SysTickInit                       0x08008fbd   Thumb Code    36  os_cpu_c.o(.text)
    __use_no_semihosting                     0x08009021   Thumb Code     2  use_no_semi_2.o(.text)
    __aeabi_uldivmod                         0x08009023   Thumb Code     0  lludivv7m.o(.text)
    _ll_udiv                                 0x08009023   Thumb Code   238  lludivv7m.o(.text)
    vsprintf                                 0x08009111   Thumb Code    32  vsprintf.o(.text)
    __2printf                                0x08009135   Thumb Code    20  __2printf.o(.text)
    __2sprintf                               0x0800914d   Thumb Code    38  __2sprintf.o(.text)
    _printf_pre_padding                      0x08009179   Thumb Code    44  _printf_pad.o(.text)
    _printf_post_padding                     0x080091a5   Thumb Code    34  _printf_pad.o(.text)
    _printf_str                              0x080091c7   Thumb Code    82  _printf_str.o(.text)
    _printf_int_dec                          0x08009219   Thumb Code   104  _printf_dec.o(.text)
    _printf_longlong_hex                     0x08009291   Thumb Code    86  _printf_hex_int_ll_ptr.o(.text)
    _printf_int_hex                          0x080092e7   Thumb Code    28  _printf_hex_int_ll_ptr.o(.text)
    _printf_ll_hex                           0x08009303   Thumb Code    12  _printf_hex_int_ll_ptr.o(.text)
    _printf_hex_ptr                          0x0800930f   Thumb Code    18  _printf_hex_int_ll_ptr.o(.text)
    __printf                                 0x08009325   Thumb Code   388  __printf_flags_ss_wp.o(.text)
    __0sscanf                                0x080094ad   Thumb Code    52  __0sscanf.o(.text)
    _scanf_int                               0x080094e9   Thumb Code   332  _scanf_int.o(.text)
    strtok                                   0x08009635   Thumb Code     6  strtok.o(.text)
    strstr                                   0x08009641   Thumb Code    36  strstr.o(.text)
    strcpy                                   0x08009665   Thumb Code    72  strcpy.o(.text)
    strcat                                   0x080096ad   Thumb Code    24  strcat.o(.text)
    __aeabi_memcpy                           0x080096c5   Thumb Code     0  rt_memcpy_v6.o(.text)
    __rt_memcpy                              0x080096c5   Thumb Code   138  rt_memcpy_v6.o(.text)
    _memcpy_lastbytes                        0x0800972b   Thumb Code     0  rt_memcpy_v6.o(.text)
    __aeabi_memcpy4                          0x0800974f   Thumb Code     0  rt_memcpy_w.o(.text)
    __aeabi_memcpy8                          0x0800974f   Thumb Code     0  rt_memcpy_w.o(.text)
    __rt_memcpy_w                            0x0800974f   Thumb Code   100  rt_memcpy_w.o(.text)
    _memcpy_lastbytes_aligned                0x08009797   Thumb Code     0  rt_memcpy_w.o(.text)
    __aeabi_memclr                           0x080097b3   Thumb Code     0  rt_memclr.o(.text)
    __rt_memclr                              0x080097b3   Thumb Code    68  rt_memclr.o(.text)
    _memset                                  0x080097b7   Thumb Code     0  rt_memclr.o(.text)
    __aeabi_memclr4                          0x080097f7   Thumb Code     0  rt_memclr_w.o(.text)
    __aeabi_memclr8                          0x080097f7   Thumb Code     0  rt_memclr_w.o(.text)
    __rt_memclr_w                            0x080097f7   Thumb Code    78  rt_memclr_w.o(.text)
    _memset_w                                0x080097fb   Thumb Code     0  rt_memclr_w.o(.text)
    strcmp                                   0x08009845   Thumb Code   128  strcmpv7m.o(.text)
    __use_two_region_memory                  0x080098c5   Thumb Code     2  heapauxi.o(.text)
    __rt_heap_escrow$2region                 0x080098c7   Thumb Code     2  heapauxi.o(.text)
    __rt_heap_expand$2region                 0x080098c9   Thumb Code     2  heapauxi.o(.text)
    __I$use$semihosting                      0x080098cb   Thumb Code     0  use_no_semi.o(.text)
    __use_no_semihosting_swi                 0x080098cb   Thumb Code     2  use_no_semi.o(.text)
    __read_errno                             0x080098cd   Thumb Code    10  _rserrno.o(.text)
    __set_errno                              0x080098d7   Thumb Code    12  _rserrno.o(.text)
    _printf_truncate_signed                  0x080098e3   Thumb Code    18  _printf_truncate.o(.text)
    _printf_truncate_unsigned                0x080098f5   Thumb Code    18  _printf_truncate.o(.text)
    _printf_int_common                       0x08009907   Thumb Code   178  _printf_intcommon.o(.text)
    _printf_charcount                        0x080099b9   Thumb Code    40  _printf_charcount.o(.text)
    _printf_char_common                      0x080099eb   Thumb Code    32  _printf_char_common.o(.text)
    _sputc                                   0x08009a11   Thumb Code    10  _sputc.o(.text)
    _printf_cs_common                        0x08009a1b   Thumb Code    20  _printf_char.o(.text)
    _printf_char                             0x08009a2f   Thumb Code    16  _printf_char.o(.text)
    _printf_string                           0x08009a3f   Thumb Code     8  _printf_char.o(.text)
    _printf_char_file                        0x08009a49   Thumb Code    32  _printf_char_file.o(.text)
    _printf_wctomb                           0x08009a6d   Thumb Code   182  _printf_wctomb.o(.text)
    _printf_longlong_dec                     0x08009b29   Thumb Code   108  _printf_longlong_dec.o(.text)
    _printf_longlong_oct                     0x08009ba5   Thumb Code    66  _printf_oct_int_ll.o(.text)
    _printf_int_oct                          0x08009be7   Thumb Code    24  _printf_oct_int_ll.o(.text)
    _printf_ll_oct                           0x08009bff   Thumb Code    12  _printf_oct_int_ll.o(.text)
    _chval                                   0x08009c15   Thumb Code    28  _chval.o(.text)
    __vfscanf_char                           0x08009c3d   Thumb Code    24  scanf_char.o(.text)
    _sgetc                                   0x08009c5d   Thumb Code    30  _sgetc.o(.text)
    _sbackspace                              0x08009c7b   Thumb Code    34  _sgetc.o(.text)
    __strtok_internal                        0x08009c9d   Thumb Code    64  strtok_int.o(.text)
    __aeabi_errno_addr                       0x08009ce1   Thumb Code     8  rt_errno_addr_intlibspace.o(.text)
    __errno$intlibspace                      0x08009ce1   Thumb Code     0  rt_errno_addr_intlibspace.o(.text)
    __rt_errno_addr$intlibspace              0x08009ce1   Thumb Code     0  rt_errno_addr_intlibspace.o(.text)
    _ll_udiv10                               0x08009ce9   Thumb Code   138  lludiv10.o(.text)
    isspace                                  0x08009d73   Thumb Code    18  isspace.o(.text)
    __lib_sel_fp_printf                      0x08009d85   Thumb Code     2  _printf_fp_dec.o(.text)
    _printf_fp_dec_real                      0x08009f37   Thumb Code   620  _printf_fp_dec.o(.text)
    _printf_fp_hex_real                      0x0800a1a5   Thumb Code   756  _printf_fp_hex.o(.text)
    _printf_lcs_common                       0x0800a4a1   Thumb Code    20  _printf_wchar.o(.text)
    _printf_wchar                            0x0800a4b5   Thumb Code    16  _printf_wchar.o(.text)
    _printf_wstring                          0x0800a4c5   Thumb Code     8  _printf_wchar.o(.text)
    __vfscanf                                0x0800a4cd   Thumb Code   878  _scanf.o(.text)
    ferror                                   0x0800a841   Thumb Code     8  ferror.o(.text)
    _wcrtomb                                 0x0800a849   Thumb Code    64  _wcrtomb.o(.text)
    strcspn                                  0x0800a889   Thumb Code    32  strcspn.o(.text)
    strspn                                   0x0800a8a9   Thumb Code    28  strspn.o(.text)
    __user_libspace                          0x0800a8c5   Thumb Code     8  libspace.o(.text)
    __user_perproc_libspace                  0x0800a8c5   Thumb Code     0  libspace.o(.text)
    __user_perthread_libspace                0x0800a8c5   Thumb Code     0  libspace.o(.text)
    __user_setup_stackheap                   0x0800a8cd   Thumb Code    74  sys_stackheap_outer.o(.text)
    __rt_ctype_table                         0x0800a919   Thumb Code    16  rt_ctype_table.o(.text)
    __rt_locale                              0x0800a929   Thumb Code     8  rt_locale_intlibspace.o(.text)
    _printf_fp_infnan                        0x0800a931   Thumb Code   112  _printf_fp_infnan.o(.text)
    _btod_etento                             0x0800a9b1   Thumb Code   224  bigflt0.o(.text)
    exit                                     0x0800aa95   Thumb Code    18  exit.o(.text)
    _btod_d2e                                0x0800aaa7   Thumb Code    62  btod.o(CL$$btod_d2e)
    _d2e_denorm_low                          0x0800aae5   Thumb Code    70  btod.o(CL$$btod_d2e_denorm_low)
    _d2e_norm_op1                            0x0800ab2b   Thumb Code    96  btod.o(CL$$btod_d2e_norm_op1)
    __btod_div_common                        0x0800ab8b   Thumb Code   696  btod.o(CL$$btod_div_common)
    _e2e                                     0x0800aec3   Thumb Code   220  btod.o(CL$$btod_e2e)
    _btod_ediv                               0x0800af9f   Thumb Code    42  btod.o(CL$$btod_ediv)
    _btod_emul                               0x0800afc9   Thumb Code    42  btod.o(CL$$btod_emul)
    __btod_mult_common                       0x0800aff3   Thumb Code   580  btod.o(CL$$btod_mult_common)
    OSStartHighRdy                           0x0800b239   Thumb Code     0  os_cpu_a.o(CODE)
    OSCtxSw                                  0x0800b25b   Thumb Code     0  os_cpu_a.o(CODE)
    OSIntCtxSw                               0x0800b265   Thumb Code     0  os_cpu_a.o(CODE)
    PendSV_Handler                           0x0800b26f   Thumb Code     0  os_cpu_a.o(CODE)
    __ARM_fpclassify                         0x0800b2d1   Thumb Code    40  fpclassify.o(i.__ARM_fpclassify)
    __ieee754_rem_pio2                       0x0800b2f9   Thumb Code   828  rred.o(i.__ieee754_rem_pio2)
    __kernel_cos                             0x0800b681   Thumb Code   230  cos_i.o(i.__kernel_cos)
    __kernel_poly                            0x0800b77d   Thumb Code   170  poly.o(i.__kernel_poly)
    __kernel_sin                             0x0800b829   Thumb Code   224  sin_i.o(i.__kernel_sin)
    __mathlib_dbl_divzero                    0x0800b915   Thumb Code    12  dunder.o(i.__mathlib_dbl_divzero)
    __mathlib_dbl_infnan                     0x0800b925   Thumb Code     6  dunder.o(i.__mathlib_dbl_infnan)
    __mathlib_dbl_infnan2                    0x0800b92b   Thumb Code     4  dunder.o(i.__mathlib_dbl_infnan2)
    __mathlib_dbl_invalid                    0x0800b92f   Thumb Code    12  dunder.o(i.__mathlib_dbl_invalid)
    __mathlib_dbl_overflow                   0x0800b93b   Thumb Code    14  dunder.o(i.__mathlib_dbl_overflow)
    __mathlib_dbl_underflow                  0x0800b949   Thumb Code    10  dunder.o(i.__mathlib_dbl_underflow)
    _is_digit                                0x0800b959   Thumb Code    14  __printf_wp.o(i._is_digit)
    asin                                     0x0800b969   Thumb Code   572  asin.o(i.asin)
    atan                                     0x0800bbd9   Thumb Code   474  atan.o(i.atan)
    atan2                                    0x0800bdf9   Thumb Code   346  atan2.o(i.atan2)
    cos                                      0x0800bf79   Thumb Code   148  cos.o(i.cos)
    pow                                      0x0800c015   Thumb Code  2512  pow.o(i.pow)
    sin                                      0x0800c9ed   Thumb Code   150  sin.o(i.sin)
    sqrt                                     0x0800ca8d   Thumb Code    76  sqrt.o(i.sqrt)
    _get_lc_numeric                          0x0800cad9   Thumb Code    44  lc_numeric_c.o(locale$$code)
    _get_lc_ctype                            0x0800cb05   Thumb Code    44  lc_ctype_c.o(locale$$code)
    __aeabi_d2f                              0x0800cb31   Thumb Code     0  d2f.o(x$fpl$d2f)
    _d2f                                     0x0800cb31   Thumb Code    98  d2f.o(x$fpl$d2f)
    __aeabi_dadd                             0x0800cb95   Thumb Code     0  daddsub_clz.o(x$fpl$dadd)
    _dadd                                    0x0800cb95   Thumb Code   332  daddsub_clz.o(x$fpl$dadd)
    __fpl_dcheck_NaN1                        0x0800cce5   Thumb Code    10  dcheck1.o(x$fpl$dcheck1)
    __fpl_dcmp_Inf                           0x0800ccf5   Thumb Code    24  dcmpi.o(x$fpl$dcmpinf)
    __aeabi_ddiv                             0x0800cd0d   Thumb Code     0  ddiv.o(x$fpl$ddiv)
    _ddiv                                    0x0800cd0d   Thumb Code   552  ddiv.o(x$fpl$ddiv)
    __aeabi_d2iz                             0x0800cfbd   Thumb Code     0  dfix.o(x$fpl$dfix)
    _dfix                                    0x0800cfbd   Thumb Code    94  dfix.o(x$fpl$dfix)
    __aeabi_d2uiz                            0x0800d01d   Thumb Code     0  dfixu.o(x$fpl$dfixu)
    _dfixu                                   0x0800d01d   Thumb Code    90  dfixu.o(x$fpl$dfixu)
    __aeabi_i2d                              0x0800d077   Thumb Code     0  dflt_clz.o(x$fpl$dflt)
    _dflt                                    0x0800d077   Thumb Code    46  dflt_clz.o(x$fpl$dflt)
    __aeabi_ui2d                             0x0800d0a5   Thumb Code     0  dflt_clz.o(x$fpl$dfltu)
    _dfltu                                   0x0800d0a5   Thumb Code    38  dflt_clz.o(x$fpl$dfltu)
    __aeabi_cdcmple                          0x0800d0cd   Thumb Code     0  dleqf.o(x$fpl$dleqf)
    _dcmple                                  0x0800d0cd   Thumb Code   120  dleqf.o(x$fpl$dleqf)
    __fpl_dcmple_InfNaN                      0x0800d12f   Thumb Code     0  dleqf.o(x$fpl$dleqf)
    __aeabi_dmul                             0x0800d145   Thumb Code     0  dmul.o(x$fpl$dmul)
    _dmul                                    0x0800d145   Thumb Code   332  dmul.o(x$fpl$dmul)
    __fpl_dnaninf                            0x0800d299   Thumb Code   156  dnaninf.o(x$fpl$dnaninf)
    __fpl_dretinf                            0x0800d335   Thumb Code    12  dretinf.o(x$fpl$dretinf)
    __aeabi_cdrcmple                         0x0800d341   Thumb Code     0  drleqf.o(x$fpl$drleqf)
    _drcmple                                 0x0800d341   Thumb Code   108  drleqf.o(x$fpl$drleqf)
    __aeabi_drsub                            0x0800d3ad   Thumb Code     0  daddsub_clz.o(x$fpl$drsb)
    _drsb                                    0x0800d3ad   Thumb Code    22  daddsub_clz.o(x$fpl$drsb)
    _dsqrt                                   0x0800d3c5   Thumb Code   456  dsqrt_noumaal.o(x$fpl$dsqrt)
    __aeabi_dsub                             0x0800d591   Thumb Code     0  daddsub_clz.o(x$fpl$dsub)
    _dsub                                    0x0800d591   Thumb Code   464  daddsub_clz.o(x$fpl$dsub)
    __aeabi_f2d                              0x0800d765   Thumb Code     0  f2d.o(x$fpl$f2d)
    _f2d                                     0x0800d765   Thumb Code    86  f2d.o(x$fpl$f2d)
    __aeabi_fadd                             0x0800d7bd   Thumb Code     0  faddsub_clz.o(x$fpl$fadd)
    _fadd                                    0x0800d7bd   Thumb Code   196  faddsub_clz.o(x$fpl$fadd)
    __aeabi_fdiv                             0x0800d881   Thumb Code     0  fdiv.o(x$fpl$fdiv)
    _fdiv                                    0x0800d881   Thumb Code   384  fdiv.o(x$fpl$fdiv)
    __aeabi_f2iz                             0x0800da05   Thumb Code     0  ffix.o(x$fpl$ffix)
    _ffix                                    0x0800da05   Thumb Code    54  ffix.o(x$fpl$ffix)
    __aeabi_i2f                              0x0800da3d   Thumb Code     0  fflt_clz.o(x$fpl$fflt)
    _fflt                                    0x0800da3d   Thumb Code    48  fflt_clz.o(x$fpl$fflt)
    __fpl_fnaninf                            0x0800da6d   Thumb Code   140  fnaninf.o(x$fpl$fnaninf)
    __fpl_fretinf                            0x0800daf9   Thumb Code    10  fretinf.o(x$fpl$fretinf)
    __aeabi_fsub                             0x0800db05   Thumb Code     0  faddsub_clz.o(x$fpl$fsub)
    _fsub                                    0x0800db05   Thumb Code   234  faddsub_clz.o(x$fpl$fsub)
    _printf_fp_dec                           0x0800dbef   Thumb Code     4  printf1.o(x$fpl$printf1)
    _printf_fp_hex                           0x0800dbf3   Thumb Code     4  printf2.o(x$fpl$printf2)
    __fpl_return_NaN                         0x0800dbf7   Thumb Code   100  retnan.o(x$fpl$retnan)
    __ARM_scalbn                             0x0800dc5b   Thumb Code    92  scalbn.o(x$fpl$scalbn)
    __fpl_cmpreturn                          0x0800dcb7   Thumb Code    48  trapv.o(x$fpl$trapveneer)
    __I$use$fp                               0x0800dce6   Number         0  usenofp.o(x$fpl$usenofp)
    led_pin_list                             0x0800dce6   Data          16  led.o(.constdata)
    F6x8                                     0x0800dcf6   Data         552  oled.o(.constdata)
    F8X16                                    0x0800df1e   Data        1520  oled.o(.constdata)
    OSCfg_StatTaskPrio                       0x0800e6a4   Data           1  os_cfg_app.o(.constdata)
    OSCfg_TickTaskPrio                       0x0800e6a5   Data           1  os_cfg_app.o(.constdata)
    OSCfg_TmrTaskPrio                        0x0800e6a6   Data           1  os_cfg_app.o(.constdata)
    OSCfg_IntQSize                           0x0800e6a8   Data           2  os_cfg_app.o(.constdata)
    OSCfg_MsgPoolSize                        0x0800e6aa   Data           2  os_cfg_app.o(.constdata)
    OSCfg_TickWheelSize                      0x0800e6ac   Data           2  os_cfg_app.o(.constdata)
    OSCfg_TmrWheelSize                       0x0800e6ae   Data           2  os_cfg_app.o(.constdata)
    OSCfg_IdleTaskStkBasePtr                 0x0800e6b0   Data           4  os_cfg_app.o(.constdata)
    OSCfg_IdleTaskStkLimit                   0x0800e6b4   Data           4  os_cfg_app.o(.constdata)
    OSCfg_IdleTaskStkSize                    0x0800e6b8   Data           4  os_cfg_app.o(.constdata)
    OSCfg_IdleTaskStkSizeRAM                 0x0800e6bc   Data           4  os_cfg_app.o(.constdata)
    OSCfg_IntQBasePtr                        0x0800e6c0   Data           4  os_cfg_app.o(.constdata)
    OSCfg_IntQSizeRAM                        0x0800e6c4   Data           4  os_cfg_app.o(.constdata)
    OSCfg_IntQTaskStkBasePtr                 0x0800e6c8   Data           4  os_cfg_app.o(.constdata)
    OSCfg_IntQTaskStkLimit                   0x0800e6cc   Data           4  os_cfg_app.o(.constdata)
    OSCfg_IntQTaskStkSize                    0x0800e6d0   Data           4  os_cfg_app.o(.constdata)
    OSCfg_IntQTaskStkSizeRAM                 0x0800e6d4   Data           4  os_cfg_app.o(.constdata)
    OSCfg_ISRStkBasePtr                      0x0800e6d8   Data           4  os_cfg_app.o(.constdata)
    OSCfg_ISRStkSize                         0x0800e6dc   Data           4  os_cfg_app.o(.constdata)
    OSCfg_ISRStkSizeRAM                      0x0800e6e0   Data           4  os_cfg_app.o(.constdata)
    OSCfg_MsgPoolSizeRAM                     0x0800e6e4   Data           4  os_cfg_app.o(.constdata)
    OSCfg_MsgPoolBasePtr                     0x0800e6e8   Data           4  os_cfg_app.o(.constdata)
    OSCfg_StatTaskRate_Hz                    0x0800e6ec   Data           4  os_cfg_app.o(.constdata)
    OSCfg_StatTaskStkBasePtr                 0x0800e6f0   Data           4  os_cfg_app.o(.constdata)
    OSCfg_StatTaskStkLimit                   0x0800e6f4   Data           4  os_cfg_app.o(.constdata)
    OSCfg_StatTaskStkSize                    0x0800e6f8   Data           4  os_cfg_app.o(.constdata)
    OSCfg_StatTaskStkSizeRAM                 0x0800e6fc   Data           4  os_cfg_app.o(.constdata)
    OSCfg_StkSizeMin                         0x0800e700   Data           4  os_cfg_app.o(.constdata)
    OSCfg_TickRate_Hz                        0x0800e704   Data           4  os_cfg_app.o(.constdata)
    OSCfg_TickTaskStkBasePtr                 0x0800e708   Data           4  os_cfg_app.o(.constdata)
    OSCfg_TickTaskStkLimit                   0x0800e70c   Data           4  os_cfg_app.o(.constdata)
    OSCfg_TickTaskStkSize                    0x0800e710   Data           4  os_cfg_app.o(.constdata)
    OSCfg_TickTaskStkSizeRAM                 0x0800e714   Data           4  os_cfg_app.o(.constdata)
    OSCfg_TickWheelSizeRAM                   0x0800e718   Data           4  os_cfg_app.o(.constdata)
    OSCfg_TmrTaskRate_Hz                     0x0800e71c   Data           4  os_cfg_app.o(.constdata)
    OSCfg_TmrTaskStkBasePtr                  0x0800e720   Data           4  os_cfg_app.o(.constdata)
    OSCfg_TmrTaskStkLimit                    0x0800e724   Data           4  os_cfg_app.o(.constdata)
    OSCfg_TmrTaskStkSize                     0x0800e728   Data           4  os_cfg_app.o(.constdata)
    OSCfg_TmrTaskStkSizeRAM                  0x0800e72c   Data           4  os_cfg_app.o(.constdata)
    OSCfg_TmrWheelSizeRAM                    0x0800e730   Data           4  os_cfg_app.o(.constdata)
    OSCfg_DataSizeRAM                        0x0800e734   Data           4  os_cfg_app.o(.constdata)
    __mathlib_zero                           0x0800e920   Data           8  qnan.o(.constdata)
    Region$$Table$$Base                      0x0800ead4   Number         0  anon$$obj.o(Region$$Table)
    Region$$Table$$Limit                     0x0800eaf4   Number         0  anon$$obj.o(Region$$Table)
    __ctype                                  0x0800eb1d   Data           0  lc_ctype_c.o(locale$$data)
    hc14_connect_state                       0x20000000   Data           1  main.o(.data)
    distance                                 0x20000008   Data           8  main.o(.data)
    angle                                    0x20000010   Data           8  main.o(.data)
    SystemCoreClock                          0x20000018   Data           4  system_stm32f10x.o(.data)
    AHBPrescTable                            0x2000001c   Data          16  system_stm32f10x.o(.data)
    Hzk                                      0x2000002c   Data         576  oled.o(.data)
    esp8266_cntPre                           0x2000026c   Data           1  esp8266.o(.data)
    usart1_rx_count                          0x20000272   Data           1  usart1.o(.data)
    __stdout                                 0x20000274   Data           4  usart1.o(.data)
    usart2_rx_count                          0x20000278   Data           1  usart2.o(.data)
    mqtt_even_state                          0x20000279   Data           1  usart3.o(.data)
    usart3_rx_count                          0x2000027a   Data           1  usart3.o(.data)
    mqtt_connect_state                       0x2000027b   Data           1  usart3.o(.data)
    esp8266_cnt                              0x2000027c   Data           1  usart3.o(.data)
    CPU_TS_TmrFreq_Hz                        0x20000294   Data           4  cpu_core.o(.data)
    Mem_PoolTbl                              0x20000298   Data           4  lib_mem.o(.data)
    OSPrioTbl                                0x2000029c   Data           8  os_prio.o(.data)
    OS_AppTaskCreateHookPtr                  0x200002a4   Data           4  os_var.o(.data)
    OS_AppTaskDelHookPtr                     0x200002a8   Data           4  os_var.o(.data)
    OS_AppTaskReturnHookPtr                  0x200002ac   Data           4  os_var.o(.data)
    OS_AppIdleTaskHookPtr                    0x200002b0   Data           4  os_var.o(.data)
    OS_AppStatTaskHookPtr                    0x200002b4   Data           4  os_var.o(.data)
    OS_AppTaskSwHookPtr                      0x200002b8   Data           4  os_var.o(.data)
    OS_AppTimeTickHookPtr                    0x200002bc   Data           4  os_var.o(.data)
    OSIdleTaskCtr                            0x200002c0   Data           4  os_var.o(.data)
    OSIntNestingCtr                          0x200002c4   Data           1  os_var.o(.data)
    OSRunning                                0x200002c5   Data           1  os_var.o(.data)
    OSIntQInPtr                              0x200002c8   Data           4  os_var.o(.data)
    OSIntQOutPtr                             0x200002cc   Data           4  os_var.o(.data)
    OSIntQNbrEntries                         0x200002d0   Data           2  os_var.o(.data)
    OSIntQNbrEntriesMax                      0x200002d2   Data           2  os_var.o(.data)
    OSIntQOvfCtr                             0x200002d4   Data           2  os_var.o(.data)
    OSIntQTaskTimeMax                        0x200002d8   Data           4  os_var.o(.data)
    OSFlagDbgListPtr                         0x200002dc   Data           4  os_var.o(.data)
    OSFlagQty                                0x200002e0   Data           2  os_var.o(.data)
    OSMemDbgListPtr                          0x200002e4   Data           4  os_var.o(.data)
    OSMemQty                                 0x200002e8   Data           2  os_var.o(.data)
    OSMutexDbgListPtr                        0x200002ec   Data           4  os_var.o(.data)
    OSMutexQty                               0x200002f0   Data           2  os_var.o(.data)
    OSPrioCur                                0x200002f2   Data           1  os_var.o(.data)
    OSPrioHighRdy                            0x200002f3   Data           1  os_var.o(.data)
    OSPrioSaved                              0x200002f4   Data           1  os_var.o(.data)
    OSQDbgListPtr                            0x200002f8   Data           4  os_var.o(.data)
    OSQQty                                   0x200002fc   Data           2  os_var.o(.data)
    OSSchedLockTimeBegin                     0x20000300   Data           4  os_var.o(.data)
    OSSchedLockTimeMax                       0x20000304   Data           4  os_var.o(.data)
    OSSchedLockTimeMaxCur                    0x20000308   Data           4  os_var.o(.data)
    OSSchedLockNestingCtr                    0x2000030c   Data           1  os_var.o(.data)
    OSSchedRoundRobinDfltTimeQuanta          0x20000310   Data           4  os_var.o(.data)
    OSSchedRoundRobinEn                      0x20000314   Data           1  os_var.o(.data)
    OSSemDbgListPtr                          0x20000318   Data           4  os_var.o(.data)
    OSSemQty                                 0x2000031c   Data           2  os_var.o(.data)
    OSStatResetFlag                          0x2000031e   Data           1  os_var.o(.data)
    OSStatTaskCPUUsage                       0x20000320   Data           2  os_var.o(.data)
    OSStatTaskCPUUsageMax                    0x20000322   Data           2  os_var.o(.data)
    OSStatTaskCtr                            0x20000324   Data           4  os_var.o(.data)
    OSStatTaskCtrMax                         0x20000328   Data           4  os_var.o(.data)
    OSStatTaskCtrRun                         0x2000032c   Data           4  os_var.o(.data)
    OSStatTaskRdy                            0x20000330   Data           1  os_var.o(.data)
    OSStatTaskTimeMax                        0x20000334   Data           4  os_var.o(.data)
    OSTaskCtxSwCtr                           0x20000338   Data           4  os_var.o(.data)
    OSTaskDbgListPtr                         0x2000033c   Data           4  os_var.o(.data)
    OSTaskQty                                0x20000340   Data           2  os_var.o(.data)
    OSTaskRegNextAvailID                     0x20000342   Data           1  os_var.o(.data)
    OSTickCtr                                0x20000344   Data           4  os_var.o(.data)
    OSTickTaskTimeMax                        0x20000348   Data           4  os_var.o(.data)
    OSTmrDbgListPtr                          0x2000034c   Data           4  os_var.o(.data)
    OSTmrQty                                 0x20000350   Data           2  os_var.o(.data)
    OSTmrTaskTimeMax                         0x20000354   Data           4  os_var.o(.data)
    OSTmrTickCtr                             0x20000358   Data           4  os_var.o(.data)
    OSTmrUpdateCnt                           0x2000035c   Data           4  os_var.o(.data)
    OSTmrUpdateCtr                           0x20000360   Data           4  os_var.o(.data)
    OSTCBCurPtr                              0x20000364   Data           4  os_var.o(.data)
    OSTCBHighRdyPtr                          0x20000368   Data           4  os_var.o(.data)
    OS_CPU_ExceptStkBase                     0x2000036c   Data           4  os_cpu_c.o(.data)
    StartTaskTCB                             0x20000374   Data         196  main.o(.bss)
    START_TASK_STK                           0x20000438   Data         512  main.o(.bss)
    mqtt_task_tcb                            0x20000638   Data         196  main.o(.bss)
    MQTT_TASK_STK                            0x200006fc   Data        1024  main.o(.bss)
    oled_task_tcb                            0x20000afc   Data         196  main.o(.bss)
    OLED_TASK_STK                            0x20000bc0   Data         512  main.o(.bss)
    point_task_tcb                           0x20000dc0   Data         196  main.o(.bss)
    POINT_TASK_STK                           0x20000e84   Data        1024  main.o(.bss)
    gps_task_tcb                             0x20001284   Data         196  main.o(.bss)
    GPS_TASK_STK                             0x20001348   Data        1024  main.o(.bss)
    hc14_task_tcb                            0x20001748   Data         196  main.o(.bss)
    HC14_TASK_STK                            0x2000180c   Data        1024  main.o(.bss)
    oled_sem                                 0x20001c0c   Data          40  main.o(.bss)
    gps_info                                 0x20001c34   Data          28  main.o(.bss)
    gps_info_ta                              0x20001c50   Data          28  main.o(.bss)
    hc14_receive_message                     0x20001c6c   Data         200  usart1.o(.bss)
    usart1_buf                               0x20001d34   Data         200  usart1.o(.bss)
    gps_buffer                               0x20001dfc   Data         200  usart2.o(.bss)
    usart2_buf                               0x20001ec4   Data         200  usart2.o(.bss)
    usart3_buf                               0x20001f8c   Data         200  usart3.o(.bss)
    mqtt_receive_message                     0x20002054   Data         200  usart3.o(.bss)
    esp8266_buf                              0x2000211c   Data         200  usart3.o(.bss)
    CPU_Name                                 0x200021e4   Data          16  cpu_core.o(.bss)
    Mem_PoolHeap                             0x200021f4   Data          72  lib_mem.o(.bss)
    Mem_Heap                                 0x2000223c   Data        1024  lib_mem.o(.bss)
    OSCfg_IdleTaskStk                        0x2000263c   Data         512  os_cfg_app.o(.bss)
    OSCfg_IntQ                               0x2000283c   Data         320  os_cfg_app.o(.bss)
    OSCfg_IntQTaskStk                        0x2000297c   Data         512  os_cfg_app.o(.bss)
    OSCfg_ISRStk                             0x20002b7c   Data         512  os_cfg_app.o(.bss)
    OSCfg_MsgPool                            0x20002d7c   Data        1600  os_cfg_app.o(.bss)
    OSCfg_StatTaskStk                        0x200033bc   Data         512  os_cfg_app.o(.bss)
    OSCfg_TickTaskStk                        0x200035bc   Data         512  os_cfg_app.o(.bss)
    OSCfg_TickWheel                          0x200037bc   Data         136  os_cfg_app.o(.bss)
    OSCfg_TmrTaskStk                         0x20003844   Data         512  os_cfg_app.o(.bss)
    OSCfg_TmrWheel                           0x20003a44   Data         136  os_cfg_app.o(.bss)
    OSIdleTaskTCB                            0x20003acc   Data         196  os_var.o(.bss)
    OSIntQTaskTCB                            0x20003b90   Data         196  os_var.o(.bss)
    OSMsgPool                                0x20003c54   Data          12  os_var.o(.bss)
    OSRdyList                                0x20003c60   Data         768  os_var.o(.bss)
    OSStatTaskTCB                            0x20003f60   Data         196  os_var.o(.bss)
    OSTickTaskTCB                            0x20004024   Data         196  os_var.o(.bss)
    OSTmrTaskTCB                             0x200040e8   Data         196  os_var.o(.bss)
    __libspace_start                         0x200041ac   Data          96  libspace.o(.bss)
    __temporary_stack_top$libspace           0x2000420c   Data           0  libspace.o(.bss)



==============================================================================

Memory Map of the image

  Image Entry point : 0x080000ed

  Load Region LR_IROM1 (Base: 0x08000000, Size: 0x0000ef94, Max: 0x00010000, ABSOLUTE, COMPRESSED[0x0000ed44])

    Execution Region ER_IROM1 (Exec base: 0x08000000, Load base: 0x08000000, Size: 0x0000ec20, Max: 0x00010000, ABSOLUTE)

    Exec Addr    Load Addr    Size         Type   Attr      Idx    E Section Name        Object

    0x08000000   0x08000000   0x000000ec   Data   RO          468    RESET               startup_stm32f10x_md.o
    0x080000ec   0x080000ec   0x00000008   Code   RO         1139  * !!!main             c_w.l(__main.o)
    0x080000f4   0x080000f4   0x00000034   Code   RO         1611    !!!scatter          c_w.l(__scatter.o)
    0x08000128   0x08000128   0x0000005a   Code   RO         1609    !!dczerorl2         c_w.l(__dczerorl2.o)
    0x08000182   0x08000182   0x00000002   PAD
    0x08000184   0x08000184   0x0000001c   Code   RO         1613    !!handler_zi        c_w.l(__scatter_zi.o)
    0x080001a0   0x080001a0   0x00000000   Code   RO         1113    .ARM.Collect$$_printf_percent$$00000000  c_w.l(_printf_percent.o)
    0x080001a0   0x080001a0   0x00000006   Code   RO         1294    .ARM.Collect$$_printf_percent$$00000001  c_w.l(_printf_n.o)
    0x080001a6   0x080001a6   0x00000006   Code   RO         1295    .ARM.Collect$$_printf_percent$$00000002  c_w.l(_printf_p.o)
    0x080001ac   0x080001ac   0x00000006   Code   RO         1299    .ARM.Collect$$_printf_percent$$00000003  c_w.l(_printf_f.o)
    0x080001b2   0x080001b2   0x00000006   Code   RO         1300    .ARM.Collect$$_printf_percent$$00000004  c_w.l(_printf_e.o)
    0x080001b8   0x080001b8   0x00000006   Code   RO         1301    .ARM.Collect$$_printf_percent$$00000005  c_w.l(_printf_g.o)
    0x080001be   0x080001be   0x00000006   Code   RO         1302    .ARM.Collect$$_printf_percent$$00000006  c_w.l(_printf_a.o)
    0x080001c4   0x080001c4   0x0000000a   Code   RO         1307    .ARM.Collect$$_printf_percent$$00000007  c_w.l(_printf_ll.o)
    0x080001ce   0x080001ce   0x00000006   Code   RO         1297    .ARM.Collect$$_printf_percent$$00000008  c_w.l(_printf_i.o)
    0x080001d4   0x080001d4   0x00000006   Code   RO         1112    .ARM.Collect$$_printf_percent$$00000009  c_w.l(_printf_d.o)
    0x080001da   0x080001da   0x00000006   Code   RO         1298    .ARM.Collect$$_printf_percent$$0000000A  c_w.l(_printf_u.o)
    0x080001e0   0x080001e0   0x00000006   Code   RO         1296    .ARM.Collect$$_printf_percent$$0000000B  c_w.l(_printf_o.o)
    0x080001e6   0x080001e6   0x00000006   Code   RO         1111    .ARM.Collect$$_printf_percent$$0000000C  c_w.l(_printf_x.o)
    0x080001ec   0x080001ec   0x00000006   Code   RO         1304    .ARM.Collect$$_printf_percent$$0000000D  c_w.l(_printf_lli.o)
    0x080001f2   0x080001f2   0x00000006   Code   RO         1305    .ARM.Collect$$_printf_percent$$0000000E  c_w.l(_printf_lld.o)
    0x080001f8   0x080001f8   0x00000006   Code   RO         1306    .ARM.Collect$$_printf_percent$$0000000F  c_w.l(_printf_llu.o)
    0x080001fe   0x080001fe   0x00000006   Code   RO         1311    .ARM.Collect$$_printf_percent$$00000010  c_w.l(_printf_llo.o)
    0x08000204   0x08000204   0x00000006   Code   RO         1312    .ARM.Collect$$_printf_percent$$00000011  c_w.l(_printf_llx.o)
    0x0800020a   0x0800020a   0x0000000a   Code   RO         1308    .ARM.Collect$$_printf_percent$$00000012  c_w.l(_printf_l.o)
    0x08000214   0x08000214   0x00000006   Code   RO         1293    .ARM.Collect$$_printf_percent$$00000013  c_w.l(_printf_c.o)
    0x0800021a   0x0800021a   0x00000006   Code   RO         1110    .ARM.Collect$$_printf_percent$$00000014  c_w.l(_printf_s.o)
    0x08000220   0x08000220   0x00000006   Code   RO         1309    .ARM.Collect$$_printf_percent$$00000015  c_w.l(_printf_lc.o)
    0x08000226   0x08000226   0x00000006   Code   RO         1310    .ARM.Collect$$_printf_percent$$00000016  c_w.l(_printf_ls.o)
    0x0800022c   0x0800022c   0x00000004   Code   RO         1303    .ARM.Collect$$_printf_percent$$00000017  c_w.l(_printf_percent_end.o)
    0x08000230   0x08000230   0x00000002   Code   RO         1479    .ARM.Collect$$libinit$$00000000  c_w.l(libinit.o)
    0x08000232   0x08000232   0x00000000   Code   RO         1496    .ARM.Collect$$libinit$$00000002  c_w.l(libinit2.o)
    0x08000232   0x08000232   0x00000000   Code   RO         1498    .ARM.Collect$$libinit$$00000004  c_w.l(libinit2.o)
    0x08000232   0x08000232   0x00000000   Code   RO         1501    .ARM.Collect$$libinit$$0000000A  c_w.l(libinit2.o)
    0x08000232   0x08000232   0x00000000   Code   RO         1503    .ARM.Collect$$libinit$$0000000C  c_w.l(libinit2.o)
    0x08000232   0x08000232   0x00000000   Code   RO         1505    .ARM.Collect$$libinit$$0000000E  c_w.l(libinit2.o)
    0x08000232   0x08000232   0x00000006   Code   RO         1506    .ARM.Collect$$libinit$$0000000F  c_w.l(libinit2.o)
    0x08000238   0x08000238   0x00000000   Code   RO         1508    .ARM.Collect$$libinit$$00000011  c_w.l(libinit2.o)
    0x08000238   0x08000238   0x0000000c   Code   RO         1509    .ARM.Collect$$libinit$$00000012  c_w.l(libinit2.o)
    0x08000244   0x08000244   0x00000000   Code   RO         1510    .ARM.Collect$$libinit$$00000013  c_w.l(libinit2.o)
    0x08000244   0x08000244   0x00000000   Code   RO         1512    .ARM.Collect$$libinit$$00000015  c_w.l(libinit2.o)
    0x08000244   0x08000244   0x0000000a   Code   RO         1513    .ARM.Collect$$libinit$$00000016  c_w.l(libinit2.o)
    0x0800024e   0x0800024e   0x00000000   Code   RO         1514    .ARM.Collect$$libinit$$00000017  c_w.l(libinit2.o)
    0x0800024e   0x0800024e   0x00000000   Code   RO         1516    .ARM.Collect$$libinit$$00000019  c_w.l(libinit2.o)
    0x0800024e   0x0800024e   0x00000000   Code   RO         1518    .ARM.Collect$$libinit$$0000001B  c_w.l(libinit2.o)
    0x0800024e   0x0800024e   0x00000000   Code   RO         1520    .ARM.Collect$$libinit$$0000001D  c_w.l(libinit2.o)
    0x0800024e   0x0800024e   0x00000000   Code   RO         1522    .ARM.Collect$$libinit$$0000001F  c_w.l(libinit2.o)
    0x0800024e   0x0800024e   0x00000000   Code   RO         1524    .ARM.Collect$$libinit$$00000021  c_w.l(libinit2.o)
    0x0800024e   0x0800024e   0x00000000   Code   RO         1526    .ARM.Collect$$libinit$$00000023  c_w.l(libinit2.o)
    0x0800024e   0x0800024e   0x00000000   Code   RO         1528    .ARM.Collect$$libinit$$00000025  c_w.l(libinit2.o)
    0x0800024e   0x0800024e   0x00000000   Code   RO         1532    .ARM.Collect$$libinit$$0000002C  c_w.l(libinit2.o)
    0x0800024e   0x0800024e   0x00000000   Code   RO         1534    .ARM.Collect$$libinit$$0000002E  c_w.l(libinit2.o)
    0x0800024e   0x0800024e   0x00000000   Code   RO         1536    .ARM.Collect$$libinit$$00000030  c_w.l(libinit2.o)
    0x0800024e   0x0800024e   0x00000000   Code   RO         1538    .ARM.Collect$$libinit$$00000032  c_w.l(libinit2.o)
    0x0800024e   0x0800024e   0x00000002   Code   RO         1539    .ARM.Collect$$libinit$$00000033  c_w.l(libinit2.o)
    0x08000250   0x08000250   0x00000002   Code   RO         1565    .ARM.Collect$$libshutdown$$00000000  c_w.l(libshutdown.o)
    0x08000252   0x08000252   0x00000000   Code   RO         1592    .ARM.Collect$$libshutdown$$00000002  c_w.l(libshutdown2.o)
    0x08000252   0x08000252   0x00000000   Code   RO         1594    .ARM.Collect$$libshutdown$$00000004  c_w.l(libshutdown2.o)
    0x08000252   0x08000252   0x00000000   Code   RO         1597    .ARM.Collect$$libshutdown$$00000007  c_w.l(libshutdown2.o)
    0x08000252   0x08000252   0x00000000   Code   RO         1600    .ARM.Collect$$libshutdown$$0000000A  c_w.l(libshutdown2.o)
    0x08000252   0x08000252   0x00000000   Code   RO         1602    .ARM.Collect$$libshutdown$$0000000C  c_w.l(libshutdown2.o)
    0x08000252   0x08000252   0x00000000   Code   RO         1605    .ARM.Collect$$libshutdown$$0000000F  c_w.l(libshutdown2.o)
    0x08000252   0x08000252   0x00000002   Code   RO         1606    .ARM.Collect$$libshutdown$$00000010  c_w.l(libshutdown2.o)
    0x08000254   0x08000254   0x00000000   Code   RO         1261    .ARM.Collect$$rtentry$$00000000  c_w.l(__rtentry.o)
    0x08000254   0x08000254   0x00000000   Code   RO         1378    .ARM.Collect$$rtentry$$00000002  c_w.l(__rtentry2.o)
    0x08000254   0x08000254   0x00000006   Code   RO         1390    .ARM.Collect$$rtentry$$00000004  c_w.l(__rtentry4.o)
    0x0800025a   0x0800025a   0x00000000   Code   RO         1380    .ARM.Collect$$rtentry$$00000009  c_w.l(__rtentry2.o)
    0x0800025a   0x0800025a   0x00000004   Code   RO         1381    .ARM.Collect$$rtentry$$0000000A  c_w.l(__rtentry2.o)
    0x0800025e   0x0800025e   0x00000000   Code   RO         1383    .ARM.Collect$$rtentry$$0000000C  c_w.l(__rtentry2.o)
    0x0800025e   0x0800025e   0x00000008   Code   RO         1384    .ARM.Collect$$rtentry$$0000000D  c_w.l(__rtentry2.o)
    0x08000266   0x08000266   0x00000002   Code   RO         1484    .ARM.Collect$$rtexit$$00000000  c_w.l(rtexit.o)
    0x08000268   0x08000268   0x00000000   Code   RO         1541    .ARM.Collect$$rtexit$$00000002  c_w.l(rtexit2.o)
    0x08000268   0x08000268   0x00000004   Code   RO         1542    .ARM.Collect$$rtexit$$00000003  c_w.l(rtexit2.o)
    0x0800026c   0x0800026c   0x00000006   Code   RO         1543    .ARM.Collect$$rtexit$$00000004  c_w.l(rtexit2.o)
    0x08000272   0x08000272   0x00000002   PAD
    0x08000274   0x08000274   0x000009c8   Code   RO            1    .text               main.o
    0x08000c3c   0x08000c3c   0x0000000e   Code   RO          168    .text               stm32f10x_it.o
    0x08000c4a   0x08000c4a   0x00000002   PAD
    0x08000c4c   0x08000c4c   0x00000158   Code   RO          200    .text               system_stm32f10x.o
    0x08000da4   0x08000da4   0x00000094   Code   RO          218    .text               led.o
    0x08000e38   0x08000e38   0x0000035c   Code   RO          233    .text               oled.o
    0x08001194   0x08001194   0x000003ac   Code   RO          259    .text               iic.o
    0x08001540   0x08001540   0x000003e0   Code   RO          282    .text               esp8266.o
    0x08001920   0x08001920   0x00000120   Code   RO          298    .text               gps.o
    0x08001a40   0x08001a40   0x00000158   Code   RO          315    .text               hmc5883l.o
    0x08001b98   0x08001b98   0x00000118   Code   RO          331    .text               delay.o
    0x08001cb0   0x08001cb0   0x0000021c   Code   RO          363    .text               usart1.o
    0x08001ecc   0x08001ecc   0x00000138   Code   RO          388    .text               usart2.o
    0x08002004   0x08002004   0x00000288   Code   RO          404    .text               usart3.o
    0x0800228c   0x0800228c   0x00000564   Code   RO          425    .text               utils.o
    0x080027f0   0x080027f0   0x00000040   Code   RO          441    .text               iwdg.o
    0x08002830   0x08002830   0x00000040   Code   RO          469    .text               startup_stm32f10x_md.o
    0x08002870   0x08002870   0x000000b0   Code   RO          473    .text               misc.o
    0x08002920   0x08002920   0x00000264   Code   RO          485    .text               stm32f10x_gpio.o
    0x08002b84   0x08002b84   0x00000328   Code   RO          497    .text               stm32f10x_usart.o
    0x08002eac   0x08002eac   0x000002b8   Code   RO          509    .text               stm32f10x_rcc.o
    0x08003164   0x08003164   0x0000003c   Code   RO          552    .text               stm32f10x_iwdg.o
    0x080031a0   0x080031a0   0x00000068   Code   RO          564    .text               bsp.o
    0x08003208   0x08003208   0x000001bc   Code   RO          580    .text               cpu_core.o
    0x080033c4   0x080033c4   0x00000034   Code   RO          620    .text               cpu_a.o
    0x080033f8   0x080033f8   0x0000015a   Code   RO          623    .text               lib_ascii.o
    0x08003552   0x08003552   0x00000002   PAD
    0x08003554   0x08003554   0x00000668   Code   RO          658    .text               lib_mem.o
    0x08003bbc   0x08003bbc   0x000005a8   Code   RO          677    .text               lib_str.o
    0x08004164   0x08004164   0x00000220   Code   RO          695    .text               lib_mem_a.o
    0x08004384   0x08004384   0x00000002   Code   RO          698    .text               os_cfg_app.o
    0x08004386   0x08004386   0x00000002   PAD
    0x08004388   0x08004388   0x00000adc   Code   RO          730    .text               os_core.o
    0x08004e64   0x08004e64   0x00000002   Code   RO          743    .text               os_dbg.o
    0x08004e66   0x08004e66   0x00000002   PAD
    0x08004e68   0x08004e68   0x00000768   Code   RO          759    .text               os_flag.o
    0x080055d0   0x080055d0   0x00000328   Code   RO          772    .text               os_int.o
    0x080058f8   0x080058f8   0x00000174   Code   RO          784    .text               os_mem.o
    0x08005a6c   0x08005a6c   0x00000188   Code   RO          796    .text               os_msg.o
    0x08005bf4   0x08005bf4   0x000006e8   Code   RO          808    .text               os_mutex.o
    0x080062dc   0x080062dc   0x00000070   Code   RO          827    .text               os_prio.o
    0x0800634c   0x0800634c   0x00000610   Code   RO          846    .text               os_q.o
    0x0800695c   0x0800695c   0x00000554   Code   RO          859    .text               os_sem.o
    0x08006eb0   0x08006eb0   0x00000400   Code   RO          872    .text               os_stat.o
    0x080072b0   0x080072b0   0x00000f2c   Code   RO          884    .text               os_task.o
    0x080081dc   0x080081dc   0x00000350   Code   RO          896    .text               os_tick.o
    0x0800852c   0x0800852c   0x00000310   Code   RO          909    .text               os_time.o
    0x0800883c   0x0800883c   0x0000065c   Code   RO          921    .text               os_tmr.o
    0x08008e98   0x08008e98   0x00000188   Code   RO         1012    .text               os_cpu_c.o
    0x08009020   0x08009020   0x00000002   Code   RO         1047    .text               c_w.l(use_no_semi_2.o)
    0x08009022   0x08009022   0x000000ee   Code   RO         1049    .text               c_w.l(lludivv7m.o)
    0x08009110   0x08009110   0x00000024   Code   RO         1051    .text               c_w.l(vsprintf.o)
    0x08009134   0x08009134   0x00000018   Code   RO         1053    .text               c_w.l(__2printf.o)
    0x0800914c   0x0800914c   0x0000002c   Code   RO         1055    .text               c_w.l(__2sprintf.o)
    0x08009178   0x08009178   0x0000004e   Code   RO         1063    .text               c_w.l(_printf_pad.o)
    0x080091c6   0x080091c6   0x00000052   Code   RO         1065    .text               c_w.l(_printf_str.o)
    0x08009218   0x08009218   0x00000078   Code   RO         1067    .text               c_w.l(_printf_dec.o)
    0x08009290   0x08009290   0x00000094   Code   RO         1087    .text               c_w.l(_printf_hex_int_ll_ptr.o)
    0x08009324   0x08009324   0x00000188   Code   RO         1107    .text               c_w.l(__printf_flags_ss_wp.o)
    0x080094ac   0x080094ac   0x0000003c   Code   RO         1114    .text               c_w.l(__0sscanf.o)
    0x080094e8   0x080094e8   0x0000014c   Code   RO         1116    .text               c_w.l(_scanf_int.o)
    0x08009634   0x08009634   0x0000000c   Code   RO         1118    .text               c_w.l(strtok.o)
    0x08009640   0x08009640   0x00000024   Code   RO         1121    .text               c_w.l(strstr.o)
    0x08009664   0x08009664   0x00000048   Code   RO         1123    .text               c_w.l(strcpy.o)
    0x080096ac   0x080096ac   0x00000018   Code   RO         1125    .text               c_w.l(strcat.o)
    0x080096c4   0x080096c4   0x0000008a   Code   RO         1127    .text               c_w.l(rt_memcpy_v6.o)
    0x0800974e   0x0800974e   0x00000064   Code   RO         1129    .text               c_w.l(rt_memcpy_w.o)
    0x080097b2   0x080097b2   0x00000044   Code   RO         1131    .text               c_w.l(rt_memclr.o)
    0x080097f6   0x080097f6   0x0000004e   Code   RO         1133    .text               c_w.l(rt_memclr_w.o)
    0x08009844   0x08009844   0x00000080   Code   RO         1135    .text               c_w.l(strcmpv7m.o)
    0x080098c4   0x080098c4   0x00000006   Code   RO         1137    .text               c_w.l(heapauxi.o)
    0x080098ca   0x080098ca   0x00000002   Code   RO         1259    .text               c_w.l(use_no_semi.o)
    0x080098cc   0x080098cc   0x00000016   Code   RO         1266    .text               c_w.l(_rserrno.o)
    0x080098e2   0x080098e2   0x00000024   Code   RO         1268    .text               c_w.l(_printf_truncate.o)
    0x08009906   0x08009906   0x000000b2   Code   RO         1270    .text               c_w.l(_printf_intcommon.o)
    0x080099b8   0x080099b8   0x00000028   Code   RO         1272    .text               c_w.l(_printf_charcount.o)
    0x080099e0   0x080099e0   0x00000030   Code   RO         1274    .text               c_w.l(_printf_char_common.o)
    0x08009a10   0x08009a10   0x0000000a   Code   RO         1276    .text               c_w.l(_sputc.o)
    0x08009a1a   0x08009a1a   0x0000002c   Code   RO         1278    .text               c_w.l(_printf_char.o)
    0x08009a46   0x08009a46   0x00000002   PAD
    0x08009a48   0x08009a48   0x00000024   Code   RO         1280    .text               c_w.l(_printf_char_file.o)
    0x08009a6c   0x08009a6c   0x000000bc   Code   RO         1282    .text               c_w.l(_printf_wctomb.o)
    0x08009b28   0x08009b28   0x0000007c   Code   RO         1285    .text               c_w.l(_printf_longlong_dec.o)
    0x08009ba4   0x08009ba4   0x00000070   Code   RO         1291    .text               c_w.l(_printf_oct_int_ll.o)
    0x08009c14   0x08009c14   0x0000001c   Code   RO         1313    .text               c_w.l(_chval.o)
    0x08009c30   0x08009c30   0x0000002c   Code   RO         1315    .text               c_w.l(scanf_char.o)
    0x08009c5c   0x08009c5c   0x00000040   Code   RO         1317    .text               c_w.l(_sgetc.o)
    0x08009c9c   0x08009c9c   0x00000044   Code   RO         1319    .text               c_w.l(strtok_int.o)
    0x08009ce0   0x08009ce0   0x00000008   Code   RO         1397    .text               c_w.l(rt_errno_addr_intlibspace.o)
    0x08009ce8   0x08009ce8   0x0000008a   Code   RO         1399    .text               c_w.l(lludiv10.o)
    0x08009d72   0x08009d72   0x00000012   Code   RO         1401    .text               c_w.l(isspace.o)
    0x08009d84   0x08009d84   0x0000041e   Code   RO         1403    .text               c_w.l(_printf_fp_dec.o)
    0x0800a1a2   0x0800a1a2   0x00000002   PAD
    0x0800a1a4   0x0800a1a4   0x000002fc   Code   RO         1405    .text               c_w.l(_printf_fp_hex.o)
    0x0800a4a0   0x0800a4a0   0x0000002c   Code   RO         1410    .text               c_w.l(_printf_wchar.o)
    0x0800a4cc   0x0800a4cc   0x00000374   Code   RO         1412    .text               c_w.l(_scanf.o)
    0x0800a840   0x0800a840   0x00000008   Code   RO         1414    .text               c_w.l(ferror.o)
    0x0800a848   0x0800a848   0x00000040   Code   RO         1418    .text               c_w.l(_wcrtomb.o)
    0x0800a888   0x0800a888   0x00000020   Code   RO         1420    .text               c_w.l(strcspn.o)
    0x0800a8a8   0x0800a8a8   0x0000001c   Code   RO         1422    .text               c_w.l(strspn.o)
    0x0800a8c4   0x0800a8c4   0x00000008   Code   RO         1426    .text               c_w.l(libspace.o)
    0x0800a8cc   0x0800a8cc   0x0000004a   Code   RO         1429    .text               c_w.l(sys_stackheap_outer.o)
    0x0800a916   0x0800a916   0x00000002   PAD
    0x0800a918   0x0800a918   0x00000010   Code   RO         1431    .text               c_w.l(rt_ctype_table.o)
    0x0800a928   0x0800a928   0x00000008   Code   RO         1436    .text               c_w.l(rt_locale_intlibspace.o)
    0x0800a930   0x0800a930   0x00000080   Code   RO         1438    .text               c_w.l(_printf_fp_infnan.o)
    0x0800a9b0   0x0800a9b0   0x000000e4   Code   RO         1440    .text               c_w.l(bigflt0.o)
    0x0800aa94   0x0800aa94   0x00000012   Code   RO         1468    .text               c_w.l(exit.o)
    0x0800aaa6   0x0800aaa6   0x0000003e   Code   RO         1443    CL$$btod_d2e        c_w.l(btod.o)
    0x0800aae4   0x0800aae4   0x00000046   Code   RO         1445    CL$$btod_d2e_denorm_low  c_w.l(btod.o)
    0x0800ab2a   0x0800ab2a   0x00000060   Code   RO         1444    CL$$btod_d2e_norm_op1  c_w.l(btod.o)
    0x0800ab8a   0x0800ab8a   0x00000338   Code   RO         1453    CL$$btod_div_common  c_w.l(btod.o)
    0x0800aec2   0x0800aec2   0x000000dc   Code   RO         1450    CL$$btod_e2e        c_w.l(btod.o)
    0x0800af9e   0x0800af9e   0x0000002a   Code   RO         1447    CL$$btod_ediv       c_w.l(btod.o)
    0x0800afc8   0x0800afc8   0x0000002a   Code   RO         1446    CL$$btod_emul       c_w.l(btod.o)
    0x0800aff2   0x0800aff2   0x00000244   Code   RO         1452    CL$$btod_mult_common  c_w.l(btod.o)
    0x0800b236   0x0800b236   0x00000002   PAD
    0x0800b238   0x0800b238   0x00000098   Code   RO         1009    CODE                os_cpu_a.o
    0x0800b2d0   0x0800b2d0   0x00000028   Code   RO         1361    i.__ARM_fpclassify  m_ws.l(fpclassify.o)
    0x0800b2f8   0x0800b2f8   0x00000388   Code   RO         1366    i.__ieee754_rem_pio2  m_ws.l(rred.o)
    0x0800b680   0x0800b680   0x000000fc   Code   RO         1344    i.__kernel_cos      m_ws.l(cos_i.o)
    0x0800b77c   0x0800b77c   0x000000aa   Code   RO         1363    i.__kernel_poly     m_ws.l(poly.o)
    0x0800b826   0x0800b826   0x00000002   PAD
    0x0800b828   0x0800b828   0x000000ec   Code   RO         1371    i.__kernel_sin      m_ws.l(sin_i.o)
    0x0800b914   0x0800b914   0x00000010   Code   RO         1347    i.__mathlib_dbl_divzero  m_ws.l(dunder.o)
    0x0800b924   0x0800b924   0x00000006   Code   RO         1348    i.__mathlib_dbl_infnan  m_ws.l(dunder.o)
    0x0800b92a   0x0800b92a   0x00000004   Code   RO         1349    i.__mathlib_dbl_infnan2  m_ws.l(dunder.o)
    0x0800b92e   0x0800b92e   0x0000000c   Code   RO         1350    i.__mathlib_dbl_invalid  m_ws.l(dunder.o)
    0x0800b93a   0x0800b93a   0x0000000e   Code   RO         1351    i.__mathlib_dbl_overflow  m_ws.l(dunder.o)
    0x0800b948   0x0800b948   0x00000010   Code   RO         1353    i.__mathlib_dbl_underflow  m_ws.l(dunder.o)
    0x0800b958   0x0800b958   0x0000000e   Code   RO         1100    i._is_digit         c_w.l(__printf_wp.o)
    0x0800b966   0x0800b966   0x00000002   PAD
    0x0800b968   0x0800b968   0x00000270   Code   RO         1198    i.asin              m_ws.l(asin.o)
    0x0800bbd8   0x0800bbd8   0x00000220   Code   RO         1208    i.atan              m_ws.l(atan.o)
    0x0800bdf8   0x0800bdf8   0x00000180   Code   RO         1218    i.atan2             m_ws.l(atan2.o)
    0x0800bf78   0x0800bf78   0x0000009c   Code   RO         1226    i.cos               m_ws.l(cos.o)
    0x0800c014   0x0800c014   0x000009d8   Code   RO         1234    i.pow               m_ws.l(pow.o)
    0x0800c9ec   0x0800c9ec   0x000000a0   Code   RO         1244    i.sin               m_ws.l(sin.o)
    0x0800ca8c   0x0800ca8c   0x0000004c   Code   RO         1252    i.sqrt              m_ws.l(sqrt.o)
    0x0800cad8   0x0800cad8   0x0000002c   Code   RO         1466    locale$$code        c_w.l(lc_numeric_c.o)
    0x0800cb04   0x0800cb04   0x0000002c   Code   RO         1489    locale$$code        c_w.l(lc_ctype_c.o)
    0x0800cb30   0x0800cb30   0x00000062   Code   RO         1141    x$fpl$d2f           fz_ws.l(d2f.o)
    0x0800cb92   0x0800cb92   0x00000002   PAD
    0x0800cb94   0x0800cb94   0x00000150   Code   RO         1143    x$fpl$dadd          fz_ws.l(daddsub_clz.o)
    0x0800cce4   0x0800cce4   0x00000010   Code   RO         1321    x$fpl$dcheck1       fz_ws.l(dcheck1.o)
    0x0800ccf4   0x0800ccf4   0x00000018   Code   RO         1323    x$fpl$dcmpinf       fz_ws.l(dcmpi.o)
    0x0800cd0c   0x0800cd0c   0x000002b0   Code   RO         1150    x$fpl$ddiv          fz_ws.l(ddiv.o)
    0x0800cfbc   0x0800cfbc   0x0000005e   Code   RO         1153    x$fpl$dfix          fz_ws.l(dfix.o)
    0x0800d01a   0x0800d01a   0x00000002   PAD
    0x0800d01c   0x0800d01c   0x0000005a   Code   RO         1157    x$fpl$dfixu         fz_ws.l(dfixu.o)
    0x0800d076   0x0800d076   0x0000002e   Code   RO         1162    x$fpl$dflt          fz_ws.l(dflt_clz.o)
    0x0800d0a4   0x0800d0a4   0x00000026   Code   RO         1161    x$fpl$dfltu         fz_ws.l(dflt_clz.o)
    0x0800d0ca   0x0800d0ca   0x00000002   PAD
    0x0800d0cc   0x0800d0cc   0x00000078   Code   RO         1167    x$fpl$dleqf         fz_ws.l(dleqf.o)
    0x0800d144   0x0800d144   0x00000154   Code   RO         1169    x$fpl$dmul          fz_ws.l(dmul.o)
    0x0800d298   0x0800d298   0x0000009c   Code   RO         1325    x$fpl$dnaninf       fz_ws.l(dnaninf.o)
    0x0800d334   0x0800d334   0x0000000c   Code   RO         1327    x$fpl$dretinf       fz_ws.l(dretinf.o)
    0x0800d340   0x0800d340   0x0000006c   Code   RO         1171    x$fpl$drleqf        fz_ws.l(drleqf.o)
    0x0800d3ac   0x0800d3ac   0x00000016   Code   RO         1144    x$fpl$drsb          fz_ws.l(daddsub_clz.o)
    0x0800d3c2   0x0800d3c2   0x00000002   PAD
    0x0800d3c4   0x0800d3c4   0x000001cc   Code   RO         1329    x$fpl$dsqrt         fz_ws.l(dsqrt_noumaal.o)
    0x0800d590   0x0800d590   0x000001d4   Code   RO         1145    x$fpl$dsub          fz_ws.l(daddsub_clz.o)
    0x0800d764   0x0800d764   0x00000056   Code   RO         1173    x$fpl$f2d           fz_ws.l(f2d.o)
    0x0800d7ba   0x0800d7ba   0x00000002   PAD
    0x0800d7bc   0x0800d7bc   0x000000c4   Code   RO         1175    x$fpl$fadd          fz_ws.l(faddsub_clz.o)
    0x0800d880   0x0800d880   0x00000184   Code   RO         1182    x$fpl$fdiv          fz_ws.l(fdiv.o)
    0x0800da04   0x0800da04   0x00000036   Code   RO         1185    x$fpl$ffix          fz_ws.l(ffix.o)
    0x0800da3a   0x0800da3a   0x00000002   PAD
    0x0800da3c   0x0800da3c   0x00000030   Code   RO         1190    x$fpl$fflt          fz_ws.l(fflt_clz.o)
    0x0800da6c   0x0800da6c   0x0000008c   Code   RO         1331    x$fpl$fnaninf       fz_ws.l(fnaninf.o)
    0x0800daf8   0x0800daf8   0x0000000a   Code   RO         1333    x$fpl$fretinf       fz_ws.l(fretinf.o)
    0x0800db02   0x0800db02   0x00000002   PAD
    0x0800db04   0x0800db04   0x000000ea   Code   RO         1177    x$fpl$fsub          fz_ws.l(faddsub_clz.o)
    0x0800dbee   0x0800dbee   0x00000004   Code   RO         1335    x$fpl$printf1       fz_ws.l(printf1.o)
    0x0800dbf2   0x0800dbf2   0x00000004   Code   RO         1337    x$fpl$printf2       fz_ws.l(printf2.o)
    0x0800dbf6   0x0800dbf6   0x00000064   Code   RO         1424    x$fpl$retnan        fz_ws.l(retnan.o)
    0x0800dc5a   0x0800dc5a   0x0000005c   Code   RO         1195    x$fpl$scalbn        fz_ws.l(scalbn.o)
    0x0800dcb6   0x0800dcb6   0x00000030   Code   RO         1482    x$fpl$trapveneer    fz_ws.l(trapv.o)
    0x0800dce6   0x0800dce6   0x00000000   Code   RO         1343    x$fpl$usenofp       fz_ws.l(usenofp.o)
    0x0800dce6   0x0800dce6   0x00000010   Data   RO          219    .constdata          led.o
    0x0800dcf6   0x0800dcf6   0x00000818   Data   RO          234    .constdata          oled.o
    0x0800e50e   0x0800e50e   0x00000100   Data   RO          582    .constdata          cpu_core.o
    0x0800e60e   0x0800e60e   0x00000002   PAD
    0x0800e610   0x0800e610   0x00000094   Data   RO          678    .constdata          lib_str.o
    0x0800e6a4   0x0800e6a4   0x00000094   Data   RO          709    .constdata          os_cfg_app.o
    0x0800e738   0x0800e738   0x00000028   Data   RO         1088    .constdata          c_w.l(_printf_hex_int_ll_ptr.o)
    0x0800e760   0x0800e760   0x00000011   Data   RO         1108    .constdata          c_w.l(__printf_flags_ss_wp.o)
    0x0800e771   0x0800e771   0x00000007   PAD
    0x0800e778   0x0800e778   0x00000050   Data   RO         1199    .constdata          m_ws.l(asin.o)
    0x0800e7c8   0x0800e7c8   0x00000098   Data   RO         1209    .constdata          m_ws.l(atan.o)
    0x0800e860   0x0800e860   0x00000088   Data   RO         1235    .constdata          m_ws.l(pow.o)
    0x0800e8e8   0x0800e8e8   0x00000008   Data   RO         1283    .constdata          c_w.l(_printf_wctomb.o)
    0x0800e8f0   0x0800e8f0   0x00000030   Data   RO         1345    .constdata          m_ws.l(cos_i.o)
    0x0800e920   0x0800e920   0x00000008   Data   RO         1365    .constdata          m_ws.l(qnan.o)
    0x0800e928   0x0800e928   0x000000c8   Data   RO         1368    .constdata          m_ws.l(rred.o)
    0x0800e9f0   0x0800e9f0   0x00000028   Data   RO         1372    .constdata          m_ws.l(sin_i.o)
    0x0800ea18   0x0800ea18   0x00000026   Data   RO         1406    .constdata          c_w.l(_printf_fp_hex.o)
    0x0800ea3e   0x0800ea3e   0x00000002   PAD
    0x0800ea40   0x0800ea40   0x00000094   Data   RO         1441    .constdata          c_w.l(bigflt0.o)
    0x0800ead4   0x0800ead4   0x00000020   Data   RO         1607    Region$$Table       anon$$obj.o
    0x0800eaf4   0x0800eaf4   0x0000001c   Data   RO         1465    locale$$data        c_w.l(lc_numeric_c.o)
    0x0800eb10   0x0800eb10   0x00000110   Data   RO         1488    locale$$data        c_w.l(lc_ctype_c.o)


    Execution Region RW_IRAM1 (Exec base: 0x20000000, Load base: 0x0800ec20, Size: 0x00004e10, Max: 0x00005000, ABSOLUTE, COMPRESSED[0x00000124])

    Exec Addr    Load Addr    Size         Type   Attr      Idx    E Section Name        Object

    0x20000000   COMPRESSED   0x00000018   Data   RW            3    .data               main.o
    0x20000018   COMPRESSED   0x00000014   Data   RW          201    .data               system_stm32f10x.o
    0x2000002c   COMPRESSED   0x00000240   Data   RW          235    .data               oled.o
    0x2000026c   COMPRESSED   0x00000001   Data   RW          283    .data               esp8266.o
    0x2000026d   COMPRESSED   0x00000001   PAD
    0x2000026e   COMPRESSED   0x00000004   Data   RW          332    .data               delay.o
    0x20000272   COMPRESSED   0x00000001   Data   RW          365    .data               usart1.o
    0x20000273   COMPRESSED   0x00000001   PAD
    0x20000274   COMPRESSED   0x00000004   Data   RW          366    .data               usart1.o
    0x20000278   COMPRESSED   0x00000001   Data   RW          390    .data               usart2.o
    0x20000279   COMPRESSED   0x00000004   Data   RW          406    .data               usart3.o
    0x2000027d   COMPRESSED   0x00000014   Data   RW          510    .data               stm32f10x_rcc.o
    0x20000291   COMPRESSED   0x00000003   PAD
    0x20000294   COMPRESSED   0x00000004   Data   RW          584    .data               cpu_core.o
    0x20000298   COMPRESSED   0x00000004   Data   RW          660    .data               lib_mem.o
    0x2000029c   COMPRESSED   0x00000008   Data   RW          828    .data               os_prio.o
    0x200002a4   COMPRESSED   0x00000004   Data   RW          940    .data               os_var.o
    0x200002a8   COMPRESSED   0x00000004   Data   RW          941    .data               os_var.o
    0x200002ac   COMPRESSED   0x00000004   Data   RW          942    .data               os_var.o
    0x200002b0   COMPRESSED   0x00000004   Data   RW          943    .data               os_var.o
    0x200002b4   COMPRESSED   0x00000004   Data   RW          944    .data               os_var.o
    0x200002b8   COMPRESSED   0x00000004   Data   RW          945    .data               os_var.o
    0x200002bc   COMPRESSED   0x00000004   Data   RW          946    .data               os_var.o
    0x200002c0   COMPRESSED   0x00000004   Data   RW          947    .data               os_var.o
    0x200002c4   COMPRESSED   0x00000001   Data   RW          948    .data               os_var.o
    0x200002c5   COMPRESSED   0x00000001   Data   RW          949    .data               os_var.o
    0x200002c6   COMPRESSED   0x00000002   PAD
    0x200002c8   COMPRESSED   0x00000004   Data   RW          950    .data               os_var.o
    0x200002cc   COMPRESSED   0x00000004   Data   RW          951    .data               os_var.o
    0x200002d0   COMPRESSED   0x00000002   Data   RW          952    .data               os_var.o
    0x200002d2   COMPRESSED   0x00000002   Data   RW          953    .data               os_var.o
    0x200002d4   COMPRESSED   0x00000002   Data   RW          954    .data               os_var.o
    0x200002d6   COMPRESSED   0x00000002   PAD
    0x200002d8   COMPRESSED   0x00000004   Data   RW          955    .data               os_var.o
    0x200002dc   COMPRESSED   0x00000004   Data   RW          956    .data               os_var.o
    0x200002e0   COMPRESSED   0x00000002   Data   RW          957    .data               os_var.o
    0x200002e2   COMPRESSED   0x00000002   PAD
    0x200002e4   COMPRESSED   0x00000004   Data   RW          958    .data               os_var.o
    0x200002e8   COMPRESSED   0x00000002   Data   RW          959    .data               os_var.o
    0x200002ea   COMPRESSED   0x00000002   PAD
    0x200002ec   COMPRESSED   0x00000004   Data   RW          960    .data               os_var.o
    0x200002f0   COMPRESSED   0x00000002   Data   RW          961    .data               os_var.o
    0x200002f2   COMPRESSED   0x00000001   Data   RW          962    .data               os_var.o
    0x200002f3   COMPRESSED   0x00000001   Data   RW          963    .data               os_var.o
    0x200002f4   COMPRESSED   0x00000001   Data   RW          964    .data               os_var.o
    0x200002f5   COMPRESSED   0x00000003   PAD
    0x200002f8   COMPRESSED   0x00000004   Data   RW          965    .data               os_var.o
    0x200002fc   COMPRESSED   0x00000002   Data   RW          966    .data               os_var.o
    0x200002fe   COMPRESSED   0x00000002   PAD
    0x20000300   COMPRESSED   0x00000004   Data   RW          967    .data               os_var.o
    0x20000304   COMPRESSED   0x00000004   Data   RW          968    .data               os_var.o
    0x20000308   COMPRESSED   0x00000004   Data   RW          969    .data               os_var.o
    0x2000030c   COMPRESSED   0x00000001   Data   RW          970    .data               os_var.o
    0x2000030d   COMPRESSED   0x00000003   PAD
    0x20000310   COMPRESSED   0x00000004   Data   RW          971    .data               os_var.o
    0x20000314   COMPRESSED   0x00000001   Data   RW          972    .data               os_var.o
    0x20000315   COMPRESSED   0x00000003   PAD
    0x20000318   COMPRESSED   0x00000004   Data   RW          973    .data               os_var.o
    0x2000031c   COMPRESSED   0x00000002   Data   RW          974    .data               os_var.o
    0x2000031e   COMPRESSED   0x00000001   Data   RW          975    .data               os_var.o
    0x2000031f   COMPRESSED   0x00000001   PAD
    0x20000320   COMPRESSED   0x00000002   Data   RW          976    .data               os_var.o
    0x20000322   COMPRESSED   0x00000002   Data   RW          977    .data               os_var.o
    0x20000324   COMPRESSED   0x00000004   Data   RW          978    .data               os_var.o
    0x20000328   COMPRESSED   0x00000004   Data   RW          979    .data               os_var.o
    0x2000032c   COMPRESSED   0x00000004   Data   RW          980    .data               os_var.o
    0x20000330   COMPRESSED   0x00000001   Data   RW          981    .data               os_var.o
    0x20000331   COMPRESSED   0x00000003   PAD
    0x20000334   COMPRESSED   0x00000004   Data   RW          982    .data               os_var.o
    0x20000338   COMPRESSED   0x00000004   Data   RW          983    .data               os_var.o
    0x2000033c   COMPRESSED   0x00000004   Data   RW          984    .data               os_var.o
    0x20000340   COMPRESSED   0x00000002   Data   RW          985    .data               os_var.o
    0x20000342   COMPRESSED   0x00000001   Data   RW          986    .data               os_var.o
    0x20000343   COMPRESSED   0x00000001   PAD
    0x20000344   COMPRESSED   0x00000004   Data   RW          987    .data               os_var.o
    0x20000348   COMPRESSED   0x00000004   Data   RW          988    .data               os_var.o
    0x2000034c   COMPRESSED   0x00000004   Data   RW          989    .data               os_var.o
    0x20000350   COMPRESSED   0x00000002   Data   RW          990    .data               os_var.o
    0x20000352   COMPRESSED   0x00000002   PAD
    0x20000354   COMPRESSED   0x00000004   Data   RW          991    .data               os_var.o
    0x20000358   COMPRESSED   0x00000004   Data   RW          992    .data               os_var.o
    0x2000035c   COMPRESSED   0x00000004   Data   RW          993    .data               os_var.o
    0x20000360   COMPRESSED   0x00000004   Data   RW          994    .data               os_var.o
    0x20000364   COMPRESSED   0x00000004   Data   RW          995    .data               os_var.o
    0x20000368   COMPRESSED   0x00000004   Data   RW          996    .data               os_var.o
    0x2000036c   COMPRESSED   0x00000004   Data   RW         1013    .data               os_cpu_c.o
    0x20000370   COMPRESSED   0x00000004   Data   RW         1119    .data               c_w.l(strtok.o)
    0x20000374        -       0x000018f8   Zero   RW            2    .bss                main.o
    0x20001c6c        -       0x00000190   Zero   RW          364    .bss                usart1.o
    0x20001dfc        -       0x00000190   Zero   RW          389    .bss                usart2.o
    0x20001f8c        -       0x00000258   Zero   RW          405    .bss                usart3.o
    0x200021e4        -       0x00000010   Zero   RW          581    .bss                cpu_core.o
    0x200021f4        -       0x00000448   Zero   RW          659    .bss                lib_mem.o
    0x2000263c        -       0x00000200   Zero   RW          699    .bss                os_cfg_app.o
    0x2000283c        -       0x00000140   Zero   RW          700    .bss                os_cfg_app.o
    0x2000297c        -       0x00000200   Zero   RW          701    .bss                os_cfg_app.o
    0x20002b7c        -       0x00000200   Zero   RW          702    .bss                os_cfg_app.o
    0x20002d7c        -       0x00000640   Zero   RW          703    .bss                os_cfg_app.o
    0x200033bc        -       0x00000200   Zero   RW          704    .bss                os_cfg_app.o
    0x200035bc        -       0x00000200   Zero   RW          705    .bss                os_cfg_app.o
    0x200037bc        -       0x00000088   Zero   RW          706    .bss                os_cfg_app.o
    0x20003844        -       0x00000200   Zero   RW          707    .bss                os_cfg_app.o
    0x20003a44        -       0x00000088   Zero   RW          708    .bss                os_cfg_app.o
    0x20003acc        -       0x000000c4   Zero   RW          933    .bss                os_var.o
    0x20003b90        -       0x000000c4   Zero   RW          934    .bss                os_var.o
    0x20003c54        -       0x0000000c   Zero   RW          935    .bss                os_var.o
    0x20003c60        -       0x00000300   Zero   RW          936    .bss                os_var.o
    0x20003f60        -       0x000000c4   Zero   RW          937    .bss                os_var.o
    0x20004024        -       0x000000c4   Zero   RW          938    .bss                os_var.o
    0x200040e8        -       0x000000c4   Zero   RW          939    .bss                os_var.o
    0x200041ac        -       0x00000060   Zero   RW         1427    .bss                c_w.l(libspace.o)
    0x2000420c   COMPRESSED   0x00000004   PAD
    0x20004210        -       0x00000400   Zero   RW          467    HEAP                startup_stm32f10x_md.o
    0x20004610        -       0x00000800   Zero   RW          466    STACK               startup_stm32f10x_md.o


==============================================================================

Image component sizes


      Code (inc. data)   RO Data    RW Data    ZI Data      Debug   Object Name

       104         12          0          0          0       1729   bsp.o
        52          0          0          0          0        324   cpu_a.o
       444         12        256          4         16      14057   cpu_core.o
       280         28          0          4          0       2431   delay.o
       992        372          0          1          0       3692   esp8266.o
       288         26          0          0          0       1505   gps.o
       344         52          0          0          0       1144   hmc5883l.o
       940         86          0          0          0       4808   iic.o
        64          6          0          0          0        578   iwdg.o
       148          8         16          0          0       1386   led.o
       346          0          0          0          0       4338   lib_ascii.o
      1640         26          0          4       1096      22264   lib_mem.o
       544          0          0          0          0        468   lib_mem_a.o
      1448          4        148          0          0      12472   lib_str.o
      2504        340          0         24       6392     276257   main.o
       176         14          0          0          0       1901   misc.o
       860         12       2072        576          0       5063   oled.o
         2          0        148          0       5264      20778   os_cfg_app.o
      2780        268          0          0          0      13303   os_core.o
       152         32          0          0          0        380   os_cpu_a.o
       392         64          0          4          0       3585   os_cpu_c.o
         2          0          0          0          0        446   os_dbg.o
      1896         80          0          0          0       8197   os_flag.o
       808        146          0          0          0       2596   os_int.o
       372         20          0          0          0       2576   os_mem.o
       392         14          0          0          0       3023   os_msg.o
      1768         92          0          0          0       6048   os_mutex.o
       112          6          0          8          0       1800   os_prio.o
      1552         66          0          0          0       6530   os_q.o
      1364         58          0          0          0       6510   os_sem.o
      1024        146          0          0          0       2969   os_stat.o
      3884        216          0          0          0      15422   os_task.o
       848         82          0          0          0       3651   os_tick.o
       784         42          0          0          0       3417   os_time.o
      1628        128          0          0          0       6726   os_tmr.o
         0          0          0        174       1760      19317   os_var.o
        64         26        236          0       3072        780   startup_stm32f10x_md.o
       612         36          0          0          0       6025   stm32f10x_gpio.o
        14          0          0          0          0        955   stm32f10x_it.o
        60          6          0          0          0       1305   stm32f10x_iwdg.o
       696         32          0         20          0       8992   stm32f10x_rcc.o
       808         22          0          0          0       8888   stm32f10x_usart.o
         0          0          0          0          0         32   sys.o
       344         34          0         20          0       1731   system_stm32f10x.o
       540         18          0          5        400       5985   usart1.o
       312         18          0          1        400       2330   usart2.o
       648         66          0          4        600       3964   usart3.o
      1380         88          0          0          0       4275   utils.o

    ----------------------------------------------------------------------
     36420       2804       2910        880      19000     526953   Object Totals
         0          0         32          0          0          0   (incl. Generated)
         8          0          2         31          0          0   (incl. Padding)

    ----------------------------------------------------------------------

      Code (inc. data)   RO Data    RW Data    ZI Data      Debug   Library Member Name

        60          8          0          0          0         84   __0sscanf.o
        24          4          0          0          0         84   __2printf.o
        44          6          0          0          0         84   __2sprintf.o
        90          0          0          0          0          0   __dczerorl2.o
         8          0          0          0          0         68   __main.o
       392          4         17          0          0         92   __printf_flags_ss_wp.o
        14          0          0          0          0         68   __printf_wp.o
         0          0          0          0          0          0   __rtentry.o
        12          0          0          0          0          0   __rtentry2.o
         6          0          0          0          0          0   __rtentry4.o
        52          8          0          0          0          0   __scatter.o
        28          0          0          0          0          0   __scatter_zi.o
        28          0          0          0          0         68   _chval.o
         6          0          0          0          0          0   _printf_a.o
         6          0          0          0          0          0   _printf_c.o
        44          0          0          0          0        108   _printf_char.o
        48          6          0          0          0         96   _printf_char_common.o
        36          4          0          0          0         80   _printf_char_file.o
        40          0          0          0          0         68   _printf_charcount.o
         6          0          0          0          0          0   _printf_d.o
       120         16          0          0          0         92   _printf_dec.o
         6          0          0          0          0          0   _printf_e.o
         6          0          0          0          0          0   _printf_f.o
      1054          0          0          0          0        216   _printf_fp_dec.o
       764          8         38          0          0        100   _printf_fp_hex.o
       128         16          0          0          0         84   _printf_fp_infnan.o
         6          0          0          0          0          0   _printf_g.o
       148          4         40          0          0        160   _printf_hex_int_ll_ptr.o
         6          0          0          0          0          0   _printf_i.o
       178          0          0          0          0         88   _printf_intcommon.o
        10          0          0          0          0          0   _printf_l.o
         6          0          0          0          0          0   _printf_lc.o
        10          0          0          0          0          0   _printf_ll.o
         6          0          0          0          0          0   _printf_lld.o
         6          0          0          0          0          0   _printf_lli.o
         6          0          0          0          0          0   _printf_llo.o
         6          0          0          0          0          0   _printf_llu.o
         6          0          0          0          0          0   _printf_llx.o
       124         16          0          0          0         92   _printf_longlong_dec.o
         6          0          0          0          0          0   _printf_ls.o
         6          0          0          0          0          0   _printf_n.o
         6          0          0          0          0          0   _printf_o.o
       112         10          0          0          0        124   _printf_oct_int_ll.o
         6          0          0          0          0          0   _printf_p.o
        78          0          0          0          0        108   _printf_pad.o
         0          0          0          0          0          0   _printf_percent.o
         4          0          0          0          0          0   _printf_percent_end.o
         6          0          0          0          0          0   _printf_s.o
        82          0          0          0          0         80   _printf_str.o
        36          0          0          0          0         84   _printf_truncate.o
         6          0          0          0          0          0   _printf_u.o
        44          0          0          0          0        108   _printf_wchar.o
       188          6          8          0          0         92   _printf_wctomb.o
         6          0          0          0          0          0   _printf_x.o
        22          0          0          0          0        100   _rserrno.o
       884          6          0          0          0        100   _scanf.o
       332          0          0          0          0         96   _scanf_int.o
        64          0          0          0          0         84   _sgetc.o
        10          0          0          0          0         68   _sputc.o
        64          0          0          0          0         92   _wcrtomb.o
       228          4        148          0          0         96   bigflt0.o
      1936        128          0          0          0        672   btod.o
        18          0          0          0          0         80   exit.o
         8          0          0          0          0         68   ferror.o
         6          0          0          0          0        152   heapauxi.o
        18          0          0          0          0         76   isspace.o
        44         10        272          0          0         76   lc_ctype_c.o
        44         10         28          0          0         76   lc_numeric_c.o
         2          0          0          0          0          0   libinit.o
        30          0          0          0          0          0   libinit2.o
         2          0          0          0          0          0   libshutdown.o
         2          0          0          0          0          0   libshutdown2.o
         8          4          0          0         96         68   libspace.o
       138          0          0          0          0         80   lludiv10.o
       238          0          0          0          0        100   lludivv7m.o
        16          4          0          0          0         76   rt_ctype_table.o
         8          4          0          0          0         68   rt_errno_addr_intlibspace.o
         8          4          0          0          0         68   rt_locale_intlibspace.o
        68          0          0          0          0         68   rt_memclr.o
        78          0          0          0          0         80   rt_memclr_w.o
       138          0          0          0          0         68   rt_memcpy_v6.o
       100          0          0          0          0         80   rt_memcpy_w.o
         2          0          0          0          0          0   rtexit.o
        10          0          0          0          0          0   rtexit2.o
        44          8          0          0          0         84   scanf_char.o
        24          0          0          0          0         68   strcat.o
       128          0          0          0          0         68   strcmpv7m.o
        72          0          0          0          0         80   strcpy.o
        32          0          0          0          0         80   strcspn.o
        28          0          0          0          0         80   strspn.o
        36          0          0          0          0         80   strstr.o
        12          6          0          4          0         68   strtok.o
        68          4          0          0          0         84   strtok_int.o
        74          0          0          0          0         80   sys_stackheap_outer.o
         2          0          0          0          0         68   use_no_semi.o
         2          0          0          0          0         68   use_no_semi_2.o
        36          4          0          0          0         76   vsprintf.o
        98          4          0          0          0         92   d2f.o
       826         16          0          0          0        348   daddsub_clz.o
        16          4          0          0          0         68   dcheck1.o
        24          0          0          0          0         68   dcmpi.o
       688        140          0          0          0        208   ddiv.o
        94          4          0          0          0         92   dfix.o
        90          4          0          0          0         92   dfixu.o
        84          0          0          0          0        136   dflt_clz.o
       120          4          0          0          0         92   dleqf.o
       340         12          0          0          0        104   dmul.o
       156          4          0          0          0         92   dnaninf.o
        12          0          0          0          0         68   dretinf.o
       108          0          0          0          0         80   drleqf.o
       460         56          0          0          0        120   dsqrt_noumaal.o
        86          4          0          0          0         84   f2d.o
       430          8          0          0          0        168   faddsub_clz.o
       388         76          0          0          0         96   fdiv.o
        54          4          0          0          0         84   ffix.o
        48          0          0          0          0         68   fflt_clz.o
       140          4          0          0          0         84   fnaninf.o
        10          0          0          0          0         68   fretinf.o
         4          0          0          0          0         68   printf1.o
         4          0          0          0          0         68   printf2.o
       100          0          0          0          0         68   retnan.o
        92          0          0          0          0         68   scalbn.o
        48          0          0          0          0         68   trapv.o
         0          0          0          0          0          0   usenofp.o
       624         52         80          0          0        168   asin.o
       544         70        152          0          0        124   atan.o
       384         38          0          0          0        144   atan2.o
       156          8          0          0          0        104   cos.o
       252         22         48          0          0        124   cos_i.o
        68         10          0          0          0        408   dunder.o
        40          0          0          0          0         68   fpclassify.o
       170          0          0          0          0         96   poly.o
      2520        190        136          0          0        324   pow.o
         0          0          8          0          0          0   qnan.o
       904         76        200          0          0        140   rred.o
       160         10          0          0          0        108   sin.o
       236         12         40          0          0        128   sin_i.o
        76          0          0          0          0         84   sqrt.o

    ----------------------------------------------------------------------
     19894       1144       1224          4        100      10576   Library Totals
        30          0          9          0          4          0   (incl. Padding)

    ----------------------------------------------------------------------

      Code (inc. data)   RO Data    RW Data    ZI Data      Debug   Library Name

      9210        312        551          4         96       5904   c_w.l
      4520        344          0          0          0       2652   fz_ws.l
      6134        488        664          0          0       2020   m_ws.l

    ----------------------------------------------------------------------
     19894       1144       1224          4        100      10576   Library Totals

    ----------------------------------------------------------------------

==============================================================================


      Code (inc. data)   RO Data    RW Data    ZI Data      Debug   

     56314       3948       4134        884      19100     526605   Grand Totals
     56314       3948       4134        292      19100     526605   ELF Image Totals (compressed)
     56314       3948       4134        292          0          0   ROM Totals

==============================================================================

    Total RO  Size (Code + RO Data)                60448 (  59.03kB)
    Total RW  Size (RW Data + ZI Data)             19984 (  19.52kB)
    Total ROM Size (Code + RO Data + RW Data)      60740 (  59.32kB)

==============================================================================

